Archive member included because of file (symbol)

c:/devkitPro2007/libnds/lib\libfat.a(libfat.o)
                              ./fs.o (fatInitDefault)
c:/devkitPro2007/libnds/lib\libfat.a(partition.o)
                              c:/devkitPro2007/libnds/lib\libfat.a(libfat.o) (_FAT_partition_setDefaultInterface)
c:/devkitPro2007/libnds/lib\libfat.a(disc.o)
                              c:/devkitPro2007/libnds/lib\libfat.a(partition.o) (_FAT_disc_gbaSlotFindInterface)
c:/devkitPro2007/libnds/lib\libfat.a(io_m3cf.o)
                              c:/devkitPro2007/libnds/lib\libfat.a(disc.o) (_io_m3cf)
c:/devkitPro2007/libnds/lib\libfat.a(io_m3sd.o)
                              c:/devkitPro2007/libnds/lib\libfat.a(disc.o) (_io_m3sd)
c:/devkitPro2007/libnds/lib\libfat.a(io_mpcf.o)
                              c:/devkitPro2007/libnds/lib\libfat.a(disc.o) (_io_mpcf)
c:/devkitPro2007/libnds/lib\libfat.a(io_njsd.o)
                              c:/devkitPro2007/libnds/lib\libfat.a(disc.o) (_io_njsd)
c:/devkitPro2007/libnds/lib\libfat.a(io_nmmc.o)
                              c:/devkitPro2007/libnds/lib\libfat.a(disc.o) (_io_nmmc)
c:/devkitPro2007/libnds/lib\libfat.a(io_sccf.o)
                              c:/devkitPro2007/libnds/lib\libfat.a(disc.o) (_io_sccf)
c:/devkitPro2007/libnds/lib\libfat.a(io_scsd.o)
                              c:/devkitPro2007/libnds/lib\libfat.a(disc.o) (_io_scsd)
c:/devkitPro2007/libnds/lib\libfat.a(io_sd_common.o)
                              c:/devkitPro2007/libnds/lib\libfat.a(io_scsd.o) (_SD_CRC7)
c:/devkitPro2007/libnds/lib\libfat.a(io_dldi.o)
                              c:/devkitPro2007/libnds/lib\libfat.a(disc.o) (_io_dldi)
c:/devkitPro2007/libnds/lib\libfat.a(io_scsd_s.o)
                              c:/devkitPro2007/libnds/lib\libfat.a(io_scsd.o) (_SCSD_writeData_s)
c:/devkitPro2007/libnds/lib\libfat.a(cache.o)
                              c:/devkitPro2007/libnds/lib\libfat.a(partition.o) (_FAT_cache_invalidate)
c:/devkitPro2007/libnds/lib\libfat.a(fatdir.o)
                              c:/devkitPro2007/libnds/lib\libfat.a(libfat.o) (_FAT_link_r)
c:/devkitPro2007/libnds/lib\libfat.a(fatfile.o)
                              c:/devkitPro2007/libnds/lib\libfat.a(libfat.o) (_FAT_fstat_r)
c:/devkitPro2007/libnds/lib\libfat.a(file_allocation_table.o)
                              c:/devkitPro2007/libnds/lib\libfat.a(fatfile.o) (_FAT_fat_nextCluster)
c:/devkitPro2007/libnds/lib\libfat.a(filetime.o)
                              c:/devkitPro2007/libnds/lib\libfat.a(fatdir.o) (_FAT_filetime_getTimeFromRTC)
c:/devkitPro2007/libnds/lib\libfat.a(io_cf_common.o)
                              c:/devkitPro2007/libnds/lib\libfat.a(io_m3cf.o) (_CF_isInserted)
c:/devkitPro2007/libnds/lib\libfat.a(io_m3_common.o)
                              c:/devkitPro2007/libnds/lib\libfat.a(io_m3cf.o) (_M3_changeMode)
c:/devkitPro2007/libnds/lib\libfat.a(io_sc_common.o)
                              c:/devkitPro2007/libnds/lib\libfat.a(io_sccf.o) (_SC_changeMode)
c:/devkitPro2007/libnds/lib\libfat.a(directory.o)
                              c:/devkitPro2007/libnds/lib\libfat.a(fatdir.o) (_FAT_directory_entryGetCluster)
c:/devkitPro2007/libnds/lib\libnds9.a(console.o)
                              ./snemul_gui.o (consoleClear)
c:/devkitPro2007/libnds/lib\libnds9.a(keys.o)
                              ./main.o (keysHeld)
c:/devkitPro2007/libnds/lib\libnds9.a(video.o)
                              ./main.o (vramSetBankA)
c:/devkitPro2007/libnds/lib\libnds9.a(card.o)
                              c:/devkitPro2007/libnds/lib\libfat.a(io_nmmc.o) (cardWriteCommand)
c:/devkitPro2007/libnds/lib\libnds9.a(interrupts.o)
                              c:/devkitPro2007/libnds/lib\libfat.a(io_njsd.o) (irqDisable)
c:/devkitPro2007/libnds/lib\libnds9.a(exceptionHandler.o)
                              ./main.o (getCPSR)
c:/devkitPro2007/libnds/lib\libnds9.a(biosCalls.o)
                              ./apu.o (swiWaitForVBlank)
c:/devkitPro2007/libnds/lib\libnds9.a(interruptDispatcher.o)
                              c:/devkitPro2007/libnds/lib\libnds9.a(interrupts.o) (IntrMain)
c:/devkitPro2007/libnds/lib\libnds9.a(default_font.o)
                              c:/devkitPro2007/libnds/lib\libnds9.a(console.o) (default_font_bin)
c:/devkitpro2007/devkitarm/bin/../lib/gcc/arm-eabi/4.1.1\libgcc.a(_udivsi3.o)
                              ./core.o (__aeabi_uidiv)
c:/devkitpro2007/devkitarm/bin/../lib/gcc/arm-eabi/4.1.1\libgcc.a(_divsi3.o)
                              ./engine.o (__aeabi_idiv)
c:/devkitpro2007/devkitarm/bin/../lib/gcc/arm-eabi/4.1.1\libgcc.a(_dvmd_tls.o)
                              c:/devkitpro2007/devkitarm/bin/../lib/gcc/arm-eabi/4.1.1\libgcc.a(_udivsi3.o) (__div0)
c:/devkitpro2007/devkitarm/bin/../lib/gcc/arm-eabi/4.1.1\libgcc.a(_call_via_rX.o)
                              c:/devkitpro2007/devkitarm/bin/../lib/gcc/arm-eabi/4.1.1/../../../../arm-eabi/lib/ds_arm9_crt0.o (_call_via_r3)
[...]
Memory Configuration

Name             Origin             Length             Attributes
rom              0x08000000         0x02000000
ewram            0x02000000         0x003ef000
shared_ewram     0x023ef000         0x0000f000
dtcm             0x0b000000         0x00004000
itcm             0x01000000         0x00008000
*default*        0x00000000         0xffffffff

Linker script and memory map

                0x01000000                __itcm_start = 0x1000000
                0x023ef000                __ewram_end = 0x23ef000
                0x023ef000                __eheap_end = 0x23ef000
                0x0b000000                __dtcm_start = 0xb000000
                0x0b004000                __dtcm_top = 0xb004000
                0x0b003ff8                __irq_flags = (__dtcm_top - 0x8)
                0x0b003ffc                __irq_vector = (__dtcm_top - 0x4)
                0x023ef000                __shwram_start = 0x23ef000
                0x023fe000                __shwram_end = 0x23fe000
                0x0b003f00                __sp_svc = (__dtcm_top - 0x100)
                0x0b003e00                __sp_irq = (__sp_svc - 0x100)
                0x0b003d00                __sp_usr = (__sp_irq - 0x100)

.init           0x02000000      0x238
                0x02000000                __text_start = .
 *(.init)
 .init          0x02000000      0x220 c:/devkitpro2007/devkitarm/bin/../lib/gcc/arm-eabi/4.1.1/../../../../arm-eabi/lib/ds_arm9_crt0.o
                0x02000000                _start
 .init          0x02000220        0xc c:/devkitpro2007/devkitarm/bin/../lib/gcc/arm-eabi/4.1.1/crti.o
                0x02000220                _init
 .init          0x0200022c        0xc c:/devkitpro2007/devkitarm/bin/../lib/gcc/arm-eabi/4.1.1/crtn.o
                0x02000238                . = ALIGN (0x4)

.plt
 *(.plt)

.text           0x02000240    0x32290
 *(EXCLUDE_FILE(*.itcm*) .text)
 .text          0x02000240        0x0 c:/devkitpro2007/devkitarm/bin/../lib/gcc/arm-eabi/4.1.1/../../../../arm-eabi/lib/ds_arm9_crt0.o
 .text          0x02000240        0x0 c:/devkitpro2007/devkitarm/bin/../lib/gcc/arm-eabi/4.1.1/crti.o
 .text          0x02000240       0xa4 c:/devkitpro2007/devkitarm/bin/../lib/gcc/arm-eabi/4.1.1/crtbegin.o
 .text          0x020002e4        0x0 ./SNES_global.o
 .text          0x020002e4      0x1c8 ./apu.o
                0x0200044c                APU_saveSpc
                0x020002e4                ARM7_fifo_init
                0x0200037c                APU_clear
                0x020002fc                SendArm7Command
                0x020003a8                APU_playSong
                0x02000340                APU_stop
                0x020003a4                APU_command
                0x02000374                APU_playSpc
                0x0200048c                APU_nice_reset
                0x02000330                APU_reset
                0x0200040c                APU_loadSpc
                0x02000338                APU_pause
 .text          0x020004ac     0x16a8 ./conf.o
                0x02001280                get_config_int
                0x02000b6c                set_config_string
                0x020004b0                get_config_text
                0x02000868                is_section_exists
                0x02001a00                override_config_data
                0x020005f0                find_config_section_with_string
                0x020011d0                get_config_oct
                0x02001a30                save_config_file
                0x02000ec4                set_config_hex
                0x02000f18                set_config_int
                0x02001a18                set_config_data
                0x02000e5c                set_config_oct
                0x020004ac                _load_config_text
                0x0200120c                get_config_hex
                0x02001080                hook_config_section
                0x02000f54                get_config_argv
                0x020014bc                pop_config_state
                0x02001b2c                override_config_file
                0x02000e10                set_config_float
                0x0200091c                get_config_string
                0x02000a58                config_is_hooked
                0x020014fc                push_config_state
                0x020006e8                find_config_section_with_hex
                0x02001190                get_config_float
                0x02001b40                set_config_file
                0x02001a40                file_size
 .text          0x02001b54     0x1478 ./core.o
                0x02001c28                W2141
                0x02001e54                WW210F
                0x020021c8                read_mouse
                0x02002318                update_joypads
                0x02002088                GoIRQ
                0x02001e14                WW210D
                0x02001eb4                WW2112
                0x02001ee4                WW2114
                0x02002960                PPU_fastDMA_2118_1
                0x020023cc                WW2122
                0x02002c2c                DMA_transfert
                0x02001ccc                W2142
                0x02001b84                W2140
                0x02002118                GoNMI
                0x02001d70                W2143
                0x02001b54                pseudoSleep
                0x02001ef4                read_scope
                0x02001e34                WW210E
                0x02001e74                WW2110
                0x02002180                read_joypads
                0x02001fdc                SNES_update
                0x02002478                HDMA_transfert
                0x02001e94                WW2111
                0x02001ed4                WW2113
 .text          0x02002fcc       0xe0 ./crc32.o
                0x02002fcc                init_crc_table
                0x02003018                crc32
 .text          0x020030ac     0x30d4 ./engine.o
                0x0200315c                trace_CPUFast
                0x02005d58                trace_CPU
                0x02003104                readSRAM
                0x02005fe8                saveSRAM
                0x020031c4                show_opcode
                0x02006050                loadSRAM
                0x020030ac                writeSRAM
                0x02005f30                initSNESEmpty
                0x020060bc                changeROM
 .text          0x02006180      0x99c ./fs.o
                0x020068b4                FS_getDirectoryList
                0x02006ab8                FS_chdir
                0x02006764                FS_printlog
                0x02006208                FS_init
                0x020065a8                FS_saveFile
                0x02006310                FS_lock
                0x02006180                FS_shouldFreeROM
                0x02006188                FS_printlogBufOnly
                0x02006690                FS_getFileSize
                0x02006adc                FS_extram_init
                0x020066e4                FS_loadROM
                0x020063b4                FS_loadROMInExtRAM
                0x02006518                FS_loadROMForPaging
                0x0200621c                FS_getFileName
                0x020062f8                FS_unlock
                0x0200686c                FS_flog
                0x02006270                _FS_getFileExtension
                0x02006328                FS_loadROMPage
                0x020065fc                FS_loadFile
 .text          0x02006b1c     0x2d8c ./snemul_gui.o
                0x02009308                ROMSelectorHandler
                0x02006fa0                GUI_align_printf
                0x02009480                GUI_setObjFromConfig
                0x02008b30                ScreenOptionsHandler
                0x02006b1c                LayerOptionsUpdate
                0x0200743c                buildOptionsMenu
                0x02007af4                buildLayersMenu
                0x020089bc                OptionsHandler
                0x02009430                GUI_getConfigStr
                0x02007860                buildScreenMenu
                0x02007204                GUI_buildChoice
                0x020081a8                MainScreenHandler
                0x02006f4c                FirstROMSelectorHandler
                0x02008520                buildGFXConfigMenu
                0x0200926c                SPCSelectorHandler
                0x02007198                GUI_getConfig
                0x0200725c                GUI_buildRStatic
                0x02008ed0                GFXConfigHandler
                0x02009180                LoadStateHandler
                0x02006c78                GUI_setLanguage
                0x02009608                buildMainMenu
                0x02008e10                AdvancedHandler
                0x02007350                GUI_deleteROMSelector
                0x020080b8                GUI_createMainMenu
                0x020070d8                GUI_showROMInfos
                0x02007e78                buildMenu
                0x02009758                SaveStateHandler
                0x020072b0                GUI_buildLStatic
                0x02008c44                LayersOptionsHandler
                0x02007038                GUI_printf
                0x02006f20                GUI_clear
                0x02007304                GUI_buildCStatic
                0x02007378                GUI_getROM
                0x020093e0                GUI_getConfigInt
 *fill*         0x020098a8        0x8 ff
 .text          0x020098b0       0xd0 ./intr.o
                0x02009944                DesMuMeDebug
                0x020098b0                initMem
 .text          0x02009980     0x11ec ./main.o
                0x02009c38                saveOptionsToConfig
                0x0200aa80                unpackOptions
                0x02009d40                readOptionsFromConfig
                0x0200a524                main
                0x02009980                PPU_ChangeLayerConf
                0x0200aa2c                applyOptions
                0x02009b54                selectSong
                0x0200a330                loadROM
                0x0200a204                checkConfiguration
                0x020099dc                packOptions
                0x02009ab8                exception_handler
 .text          0x0200ab6c      0xb38 ./memmap.o
                0x0200b130                InitHiROMMap
                0x0200b5c0                InitMap
                0x0200b544                mem_init_paging
                0x0200ab6c                WriteProtectROM
                0x0200b428                map_memory
                0x0200ac08                MapRAM
                0x0200abc8                FixMap
                0x0200b4d0                mem_getbaseaddress
                0x0200acac                InitLoROMMap
                0x0200b664                mem_clear_paging
 .text          0x0200b6a4      0x350 ./opcodes.o
                0x0200b814                CPU_unpack
                0x0200b984                CPU_goto
                0x0200b6a4                CPU_pack
 .text          0x0200b9f4        0x0 ./opcodes2.o
 .text          0x0200b9f4     0x3cc0 ./ppu.o
                0x0200d42c                PPU_setBackColor
                0x0200d438                PPU_line_handle_BG3
                0x0200bbf0                PPU_allocate_tilezone2
                0x0200e6c8                draw_plane_64_30
                0x0200ea14                renderMode3
                0x0200b9f4                init_render
                0x0200da04                PPU_setPalette
                0x0200eb34                renderMode1
                0x0200ba94                PPU_get_bgmode
                0x0200c2b0                draw_plane_withpriority
                0x0200bec8                PPU_AddTile2InCache
                0x0200bc48                add_tile_2
                0x0200bb58                PPU_allocate_tilezone
                0x0200ba90                check_tile_addr
                0x0200e388                draw_plane_64_60
                0x0200d380                renderMode7
                0x0200d188                PPU_RenderLineMode3
                0x0200ed3c                draw_screen
                0x0200c7c8                draw_sprites
                0x0200c680                map_duplicate4
                0x0200bd48                add_tile_8
                0x0200bb18                PPU_get_tile_address
                0x0200da80                PPU_add_tile_address
                0x0200d238                PPU_RenderLineMode7
                0x0200e55c                draw_plane_32_60
                0x0200d638                PPU_line_render_scaled
                0x0200c740                draw_tile_sprite
                0x0200f188                PPU_line_render
                0x0200cdf8                PPU_RenderLineMode1
                0x0200e104                check_sprite_addr
                0x0200bb98                PPU_get_most_used
                0x0200efdc                PPU_setScreen
                0x0200c200                update_scroll
                0x0200bcb8                add_tile_4
                0x0200c5f0                map_duplicate2
                0x0200e880                draw_plane_32_30
                0x0200f0b4                PPU_update
                0x0200c764                PPU_set_sprites_bank
                0x0200e1c8                PPU_reset
                0x0200de24                PPU_updateCache
                0x0200c584                map_duplicate
                0x0200bf98                PPU_AddTile4InCache
                0x0200c11c                PPU_setMap
                0x0200c068                add_sprite_tile_4
 .text          0x0200f6b4      0x630 ./snapshot.o
                0x0200fc14                get_snapshot_name
                0x0200f6b4                write_snapshot
                0x0200f974                read_snapshot
 .text          0x0200fce4      0x940 ./snes.o
                0x02010258                reset_CPU
                0x0200fee4                load_ROM
                0x0200fd18                UnInterleaveROM
                0x0201018c                reset_GFX
                0x0200fce4                cnt_alphachar
                0x02010364                reset_SNES
                0x02010620                init_GFX
 .text          0x02010624      0x490 ./touch.o
                0x0201072c                ADC_to_SCR
                0x02010a70                superTouchReadXY
                0x02010624                PrecalculateCalibrationData
                0x02010820                mytouchReadXY
 .text          0x02010ab4     0x10f0 ./gui.o
                0x02011924                GUI_console_printf
                0x02010b74                GUI_sendMessage
                0x02011098                GUI_newImageList
                0x02010ac4                GUI_drawVLine
                0x020115c4                GUI_newScreen
                0x02011324                GUI_update
                0x02010fc8                GUI_drawScreen
                0x02011654                GUI_drawBar
                0x02010cc4                GUI_clearFocus
                0x02010c58                GUI_setFocus
                0x02011610                GUI_clearScreen
                0x02011564                GUI_setZone
                0x02010bc8                GUI_dispatchMessageNow
                0x02011984                LOG
                0x02011808                GUI_drawImage
                0x020119dc                GUI_deleteImage
                0x02011ab0                GUI_loadImage
                0x020110bc                GUI_init
                0x02011070                GUI_switchScreen
                0x02011790                GUI_drawRect
                0x02010d04                GUI_dispatchEvent
                0x02011528                GUI_start
                0x020119e0                GUI_loadPalette
                0x02011b6c                GUI_addImage
                0x02010ab4                GUI_linkObject
                0x02011718                GUI_drawHLine
                0x02010c40                GUI_dispatchMessage
 .text          0x02011ba4      0x840 ./gui_font.o
                0x02011c64                GUI_getFontHeight
                0x020121a0                GUI_drawAlignText
                0x02011c74                GUI_getZoneTextHeight
                0x02011c98                GUI_getStrWidth
                0x02011d84                GUI_drawVChar
                0x0201207c                GUI_drawText
 .text          0x020123e4      0xf28 ./gui_widgets.o
                0x02012964                GUIScrollBar_handler
                0x02012640                GUI_newSelector
                0x02012480                GUI_setItem
                0x02012fc0                GUIStrButton_handler
                0x02012420                GUI_deleteList
                0x020128dc                GUIStaticEx_handler
                0x020124c8                GUI_newList
                0x020123e4                GUISelector_getSelected
                0x02012edc                GUIChoiceButton_handler
                0x02012bd8                GUIButton_handler
                0x02012874                GUIStatic_handler
                0x02012804                GUIImage_handler
                0x020124a0                GUI_linkStrButton
                0x02012e34                GUIImgButton_handler
                0x02012448                GUI_deleteSelector
                0x02013048                GUIList_handler
 .text          0x0201330c        0x0 ./katakana_12.o
 .text          0x0201330c        0x0 ./smallfont_7.o
 .text          0x0201330c        0x0 ./trebuchet_9.o
 .text          0x0201330c      0x488 ./input.o
                0x02013354                get_joypad
                0x02013318                myLCDSwap
                0x0201330c                setBacklight
 .text          0x02013794      0x9e0 ./ram.o
                0x02013a38                _opera_unlock
                0x02013d00                ram_unlock
                0x02013c58                _ez_unlock
                0x020137bc                _sc_lock
                0x02013d50                ram_init
                0x02014128                ram_lock
                0x020137e0                _m3_unlock
                0x02013a64                _g6_unlock
                0x02013c60                _ez_lock
                0x02013cf0                ram_size
                0x02013b60                _g6_lock
                0x02013a50                _opera_lock
                0x02013cc4                ram_type
                0x02013794                _sc_unlock
                0x02013cd4                ram_type_string
                0x02013910                _m3_lock
 .text          0x02014174        0x0 ./snemul_str_cat.o
 .text          0x02014174        0x0 ./snemul_str_dan.o
 .text          0x02014174        0x0 ./snemul_str_eng.o
 .text          0x02014174        0x0 ./snemul_str_fr.o
 .text          0x02014174        0x0 ./snemul_str_ger.o
 .text          0x02014174        0x0 ./snemul_str_ita.o
 .text          0x02014174        0x0 ./snemul_str_jpn.o
 .text          0x02014174        0x0 ./snemul_str_nl.o
 .text          0x02014174        0x0 ./snemul_str_pol.o
 .text          0x02014174        0x0 ./snemul_str_pt.o
 .text          0x02014174        0x0 ./snemul_str_spa.o
 .text          0x02014174       0x9c c:/devkitPro2007/libnds/lib\libfat.a(libfat.o)
                0x02014174                fatSetDefaultInterface
                0x02014198                fatMountCustomInterface
                0x02014180                fatUnsafeUnmount
                0x020141a4                fatMountNormalInterface
                0x0201418c                fatUnmount
                0x02014200                fatInitDefault
                0x020141b0                fatInit
 .text          0x02014210      0x4d0 c:/devkitPro2007/libnds/lib\libfat.a(partition.o)
                0x0201425c                _FAT_partition_getPartitionFromPath
                0x02014234                _FAT_partition_setDefaultPartition
                0x02014614                _FAT_partition_mountCustomInterface
                0x02014338                _FAT_partition_unmount
                0x02014674                _FAT_partition_mount
                0x02014210                _FAT_partition_setDefaultInterface
                0x020142d8                _FAT_partition_unsafeUnmount
 .text          0x020146e0       0xb8 c:/devkitPro2007/libnds/lib\libfat.a(disc.o)
                0x0201475c                _FAT_disc_findInterface
                0x0201471c                _FAT_disc_dsSlotFindInterface
                0x020146e0                _FAT_disc_gbaSlotFindInterface
 .text          0x02014798       0x1c c:/devkitPro2007/libnds/lib\libfat.a(io_m3cf.o)
                0x02014798                _M3CF_startup
 .text          0x020147b4      0x528 c:/devkitPro2007/libnds/lib\libfat.a(io_m3sd.o)
                0x02014b5c                _M3SD_clearStatus
                0x02014930                _M3SD_cmd_17byte_response
                0x02014a34                _M3SD_readSectors
                0x020149f8                _M3SD_isInserted
                0x02014b80                _M3SD_writeSectors
                0x02014ac0                _M3SD_shutdown
                0x02014918                _M3SD_cmd_6byte_response
                0x02014b68                _M3SD_startUp
 .text          0x02014cdc       0x14 c:/devkitPro2007/libnds/lib\libfat.a(io_mpcf.o)
                0x02014cdc                _MPCF_startup
 .text          0x02014cf0      0x92c c:/devkitPro2007/libnds/lib\libfat.a(io_njsd.o)
                0x020150fc                _NJSD_writeSectors
                0x020150e4                _NJSD_clearStatus
                0x02015088                _NJSD_cmd_6byte_response
                0x020150b8                _NJSD_isInserted
                0x0201538c                _NJSD_startup
                0x020150f0                _NJSD_shutdown
                0x02015428                _NJSD_readSectors
                0x020150a0                _NJSD_cmd_17byte_response
 .text          0x0201561c      0x694 c:/devkitPro2007/libnds/lib\libfat.a(io_nmmc.o)
                0x02015804                _NMMC_isInserted
                0x02015938                _NMMC_writeSectors
                0x02015ad8                _NMMC_startUp
                0x020157f8                _NMMC_shutdown
                0x0201577c                _NMMC_clearStatus
                0x02015860                _NMMC_readSectors
 .text          0x02015cb0       0x18 c:/devkitPro2007/libnds/lib\libfat.a(io_sccf.o)
                0x02015cb0                _SCCF_startup
 .text          0x02015cc8      0x388 c:/devkitPro2007/libnds/lib\libfat.a(io_scsd.o)
                0x02015dd0                _SCSD_shutdown
                0x02015f48                _SCSD_startUp
                0x02015ec0                _SCSD_isInserted
                0x02015f3c                _SCSD_clearStatus
                0x02015f5c                _SCSD_cmd_17byte_response
                0x02015f74                _SCSD_cmd_6byte_response
                0x02015e50                _SCSD_readSectors
                0x02015f8c                _SCSD_writeSectors
 .text          0x02016050      0x258 c:/devkitPro2007/libnds/lib\libfat.a(io_sd_common.o)
                0x02016050                _SD_CRC7
                0x020160ac                _SD_CRC16
                0x020161a8                _SD_InitCard
 *fill*         0x020162a8       0x18 ff
 .text          0x020162c0     0x8000 c:/devkitPro2007/libnds/lib\libfat.a(io_dldi.o)
                0x02016320                _io_dldi
 .text          0x0201e2c0       0xc0 c:/devkitPro2007/libnds/lib\libfat.a(io_scsd_s.o)
                0x0201e2c0                _SCSD_writeData_s
 .text          0x0201e380      0x2c0 c:/devkitPro2007/libnds/lib\libfat.a(cache.o)
                0x0201e444                _FAT_cache_flush
                0x0201e520                _FAT_cache_writePartialSector
                0x0201e490                _FAT_cache_invalidate
                0x0201e5a8                _FAT_cache_destructor
                0x0201e5c4                _FAT_cache_constructor
                0x0201e56c                _FAT_cache_readPartialSector
                0x0201e4bc                _FAT_cache_eraseWritePartialSector
 .text          0x0201e640      0x708 c:/devkitPro2007/libnds/lib\libfat.a(fatdir.o)
                0x0201e6f8                _FAT_stat_r
                0x0201e65c                _FAT_dirnext_r
                0x0201e7e0                _FAT_unlink_r
                0x0201e9cc                _FAT_rename_r
                0x0201e640                _FAT_link_r
                0x0201e64c                _FAT_dirclose_r
                0x0201e770                _FAT_chdir_r
                0x0201e6c4                _FAT_dirreset_r
                0x0201e928                _FAT_diropen_r
                0x0201eb4c                _FAT_mkdir_r
 .text          0x0201ed48      0xc28 c:/devkitPro2007/libnds/lib\libfat.a(fatfile.o)
                0x0201f4c8                _FAT_write_r
                0x0201edb8                _FAT_seek_r
                0x0201f280                _FAT_read_r
                0x0201efc8                _FAT_open_r
                0x0201eee8                _FAT_close_r
                0x0201ed48                _FAT_fstat_r
 .text          0x0201f970      0x398 c:/devkitPro2007/libnds/lib\libfat.a(file_allocation_table.o)
                0x0201fbcc                _FAT_fat_clearLinks
                0x0201f970                _FAT_fat_nextCluster
                0x0201fca0                _FAT_fat_linkFreeClusterCleared
                0x0201fc1c                _FAT_fat_linkFreeCluster
                0x0201fa58                _FAT_fat_lastCluster
 .text          0x0201fd08       0xdc c:/devkitPro2007/libnds/lib\libfat.a(filetime.o)
                0x0201fd54                _FAT_filetime_getDateFromRTC
                0x0201fd98                _FAT_filetime_to_time_t
                0x0201fd08                _FAT_filetime_getTimeFromRTC
 .text          0x0201fde4      0x30c c:/devkitPro2007/libnds/lib\libfat.a(io_cf_common.o)
                0x0201fde4                _CF_isInserted
                0x0201ff78                _CF_writeSectors
                0x0201fe6c                _CF_readSectors
                0x020200a0                _CF_startup
                0x0201fe04                _CF_clearStatus
                0x02020094                _CF_shutdown
 .text          0x020200f0       0xa0 c:/devkitPro2007/libnds/lib\libfat.a(io_m3_common.o)
                0x020200f4                _M3_changeMode
 .text          0x02020190       0x18 c:/devkitPro2007/libnds/lib\libfat.a(io_sc_common.o)
                0x02020190                _SC_changeMode
 .text          0x020201a8      0xec8 c:/devkitPro2007/libnds/lib\libfat.a(directory.o)
                0x02020708                _FAT_directory_chdir
                0x020209f0                _FAT_directory_entryStat
                0x02020738                _FAT_directory_isValidAlias
                0x02020930                _FAT_directory_removeEntry
                0x02020234                _FAT_directory_getRootEntry
                0x02020820                _FAT_directory_entryFromPosition
                0x02020300                _FAT_directory_getNextEntry
                0x020204c4                _FAT_directory_getFirstEntry
                0x020207d4                _FAT_directory_isValidLfn
                0x0202021c                _FAT_directory_entryGetCluster
                0x02020abc                _FAT_directory_addEntry
                0x0202057c                _FAT_directory_entryFromPath
 .text          0x02021070      0x580 c:/devkitPro2007/libnds/lib\libnds9.a(console.o)
                0x020213ec                con_write
                0x0202121c                consoleInit
                0x020210d8                consolePrintChar
                0x02021208                consoleClear
                0x020213a4                consoleDemoInit
                0x02021380                consoleInitDefault
 .text          0x020215f0      0x100 c:/devkitPro2007/libnds/lib\libnds9.a(keys.o)
                0x02021620                keysSetRepeat
                0x02021610                keysDownRepeat
                0x020215f0                keysHeld
                0x02021644                keysUp
                0x020215fc                keysDown
                0x0202165c                scanKeys
 .text          0x020216f0      0x110 c:/devkitPro2007/libnds/lib\libnds9.a(video.o)
                0x020217b0                vramSetBankF
                0x02021740                vramRestoreMainBanks
                0x020217d8                vramSetBankH
                0x02021788                vramSetBankD
                0x0202179c                vramSetBankE
                0x020217c4                vramSetBankG
                0x02021734                vramRestorMainBanks
                0x02021760                vramSetBankB
                0x02021774                vramSetBankC
                0x020217ec                vramSetBankI
                0x020216f0                vramSetMainBanks
                0x0202174c                vramSetBankA
 .text          0x02021800      0x670 c:/devkitPro2007/libnds/lib\libnds9.a(card.o)
                0x020219e0                cardEepromGetType
                0x02021864                cardStartTransfer
                0x02021908                cardReadHeader
                0x02021a6c                cardReadEeprom
                0x02021924                cardReadID
                0x02021cc0                cardEepromGetSize
                0x020218dc                cardRead00
                0x02021944                cardEepromCommand
                0x02021e1c                cardEepromChipErase
                0x02021824                cardPolledTransfer
                0x02021b18                cardWriteEeprom
                0x020218ac                cardWriteAndRead
                0x02021800                cardWriteCommand
                0x02021d74                cardEepromSectorErase
                0x020219cc                cardEepromReadID
 .text          0x02021e70      0x208 c:/devkitPro2007/libnds/lib\libnds9.a(interrupts.o)
                0x02021fd8                irqEnable
                0x02021e74                irqSet
                0x0202202c                irqDisable
                0x02021edc                irqInit
                0x02021e70                irqDummy
                0x02021fa8                irqInitHandler
                0x02021f28                irqClear
 .text          0x02022078       0xd4 c:/devkitPro2007/libnds/lib\libnds9.a(exceptionHandler.o)
                0x02022078                getCPSR
                0x020220f4                exceptionRegisters
                0x02022080                enterException
                0x020220ec                exceptionC
                0x020220f0                exceptionStack
 *fill*         0x0202214c        0x4 ff
 .text          0x02022150       0x70 c:/devkitPro2007/libnds/lib\libnds9.a(biosCalls.o)
                0x02022160                swiSleep
                0x0202219a                swiDecompressLZSSVram
                0x02022182                swiFastCopy
                0x02022186                swiSqrt
                0x02022150                swiSoftReset
                0x0202218a                swiCRC16
                0x0202219e                swiDecompressHuffman
                0x020221b6                swiSetHaltCR
                0x0202216c                swiRemainder
                0x02022192                swiUnpackBits
                0x02022196                swiDecompressLZSSWram
                0x020221b2                swiDecodeDelta16
                0x02022154                swiDelay
                0x02022172                swiDivMod
                0x020221a6                swiDecompressRLEVram
                0x020221a2                swiDecompressRLEWram
                0x020221ae                swiDecodeDelta8
                0x02022168                swiDivide
                0x02022164                swiChangeSoundBias
                0x0202215c                swiWaitForVBlank
                0x02022158                swiIntrWait
                0x0202218e                swiIsDebugger
                0x020221aa                swiWaitForIRQ
                0x0202217e                swiCopy
 .text          0x020221c0        0x0 c:/devkitPro2007/libnds/lib\libnds9.a(interruptDispatcher.o)
 .text          0x020221c0        0x0 c:/devkitPro2007/libnds/lib\libnds9.a(default_font.o)
 .text          0x020221c0      0x114 c:/devkitpro2007/devkitarm/bin/../lib/gcc/arm-eabi/4.1.1\libgcc.a(_udivsi3.o)
                0x020221c0                __udivsi3
                0x020221c0                __aeabi_uidiv
                0x020222bc                __aeabi_uidivmod
 .text          0x020222d4      0x144 c:/devkitpro2007/devkitarm/bin/../lib/gcc/arm-eabi/4.1.1\libgcc.a(_divsi3.o)
                0x020222d4                __aeabi_idiv
                0x020222d4                __divsi3
                0x02022400                __aeabi_idivmod
 .text          0x02022418        0x4 c:/devkitpro2007/devkitarm/bin/../lib/gcc/arm-eabi/4.1.1\libgcc.a(_dvmd_tls.o)
                0x02022418                __aeabi_ldiv0
                0x02022418                __div0
                0x02022418                __aeabi_idiv0
 .text          0x0202241c       0x3c c:/devkitpro2007/devkitarm/bin/../lib/gcc/arm-eabi/4.1.1\libgcc.a(_call_via_rX.o)
                0x02022424                _call_via_r2
                0x02022434                _call_via_r6
                0x02022430                _call_via_r5
                0x02022428                _call_via_r3
                0x02022448                _call_via_fp
                0x0202243c                _call_via_r8
                0x02022438                _call_via_r7
                0x0202241c                _call_via_r0
                0x02022444                _call_via_sl
                0x02022450                _call_via_sp
                0x02022440                _call_via_r9
                0x0202242c                _call_via_r4
                0x02022420                _call_via_r1
                0x0202244c                _call_via_ip
                0x02022454                _call_via_lr
 .text          0x02022458      0x41c c:/devkitpro2007/devkitarm/bin/../lib/gcc/arm-eabi/4.1.1\libgcc.a(_addsubdf3.o)
                0x02022814                __floatdidf
                0x02022798                __floatsidf
                0x02022774                __aeabi_ui2d
                0x02022458                __aeabi_drsub
                0x020227c0                __extendsfdf2
                0x02022464                __adddf3
                0x02022774                __floatunsidf
                0x02022464                __aeabi_dadd
                0x02022800                __aeabi_ul2d
                0x02022460                __aeabi_dsub
                0x02022800                __floatundidf
                0x02022798                __aeabi_i2d
                0x02022814                __aeabi_l2d
                0x020227c0                __aeabi_f2d
                0x02022460                __subdf3
 .text          0x02022874       0xa0 c:/devkitpro2007/devkitarm/bin/../lib/gcc/arm-eabi/4.1.1\libgcc.a(_truncdfsf2.o)
                0x02022874                __aeabi_d2f
                0x02022874                __truncdfsf2
 .text          0x02022914       0x1c c:/devkitpro2007/devkitarm/bin/../lib/gcc/arm-eabi/4.1.1/../../../../arm-eabi/lib\libc.a(lib_a-atof.o)
                0x02022914                atof
 .text          0x02022930        0x0 c:/devkitpro2007/devkitarm/bin/../lib/gcc/arm-eabi/4.1.1/../../../../arm-eabi/lib\libc.a(lib_a-ctype_.o)
 .text          0x02022930      0x110 c:/devkitpro2007/devkitarm/bin/../lib/gcc/arm-eabi/4.1.1/../../../../arm-eabi/lib\libc.a(lib_a-fclose.o)
                0x02022930                _fclose_r
                0x02022a2c                fclose
 .text          0x02022a40      0x1b8 c:/devkitpro2007/devkitarm/bin/../lib/gcc/arm-eabi/4.1.1/../../../../arm-eabi/lib\libc.a(lib_a-fflush.o)
                0x02022a40                fflush
 .text          0x02022bf8      0x2bc c:/devkitpro2007/devkitarm/bin/../lib/gcc/arm-eabi/4.1.1/../../../../arm-eabi/lib\libc.a(lib_a-findfp.o)
                0x02022c64                __sinit
                0x02022d7c                __sfmoreglue
                0x02022d6c                _cleanup
                0x02022d4c                _cleanup_r
                0x02022d20                __fp_lock_all
                0x02022c54                __sfp_lock_acquire
                0x02022dcc                __sfp
                0x02022c60                __sinit_lock_release
                0x02022cf4                __fp_unlock_all
                0x02022c58                __sfp_lock_release
                0x02022c5c                __sinit_lock_acquire
 .text          0x02022eb4       0xfc c:/devkitpro2007/devkitarm/bin/../lib/gcc/arm-eabi/4.1.1/../../../../arm-eabi/lib\libc.a(lib_a-fopen.o)
                0x02022f94                fopen
                0x02022eb4                _fopen_r
 .text          0x02022fb0       0x90 c:/devkitpro2007/devkitarm/bin/../lib/gcc/arm-eabi/4.1.1/../../../../arm-eabi/lib\libc.a(lib_a-fputc.o)
                0x02023000                _fputc_r
                0x02022fb0                fputc
 .text          0x02023040       0x8c c:/devkitpro2007/devkitarm/bin/../lib/gcc/arm-eabi/4.1.1/../../../../arm-eabi/lib\libc.a(lib_a-fputs.o)
                0x02023040                _fputs_r
                0x020230b0                fputs
 .text          0x020230cc      0x228 c:/devkitpro2007/devkitarm/bin/../lib/gcc/arm-eabi/4.1.1/../../../../arm-eabi/lib\libc.a(lib_a-fread.o)
                0x020232b0                fread
                0x020230cc                _fread_r
 .text          0x020232f4      0x3c0 c:/devkitpro2007/devkitarm/bin/../lib/gcc/arm-eabi/4.1.1/../../../../arm-eabi/lib\libc.a(lib_a-freer.o)
                0x020233fc                _free_r
                0x020232f4                _malloc_trim_r
 .text          0x020236b4      0x490 c:/devkitpro2007/devkitarm/bin/../lib/gcc/arm-eabi/4.1.1/../../../../arm-eabi/lib\libc.a(lib_a-fseek.o)
                0x02023b18                fseek
                0x020236b4                _fseek_r
 .text          0x02023b44       0x48 c:/devkitpro2007/devkitarm/bin/../lib/gcc/arm-eabi/4.1.1/../../../../arm-eabi/lib\libc.a(lib_a-fstatr.o)
                0x02023b44                _fstat_r
 .text          0x02023b8c       0xdc c:/devkitpro2007/devkitarm/bin/../lib/gcc/arm-eabi/4.1.1/../../../../arm-eabi/lib\libc.a(lib_a-ftell.o)
                0x02023c54                ftell
                0x02023b8c                _ftell_r
 .text          0x02023c68      0x444 c:/devkitpro2007/devkitarm/bin/../lib/gcc/arm-eabi/4.1.1/../../../../arm-eabi/lib\libc.a(lib_a-fvwrite.o)
                0x02023c68                __sfvwrite_r
 .text          0x020240ac      0x11c c:/devkitpro2007/devkitarm/bin/../lib/gcc/arm-eabi/4.1.1/../../../../arm-eabi/lib\libc.a(lib_a-fwalk.o)
                0x02024138                _fwalk
                0x020240ac                _fwalk_reent
 .text          0x020241c8       0xc8 c:/devkitpro2007/devkitarm/bin/../lib/gcc/arm-eabi/4.1.1/../../../../arm-eabi/lib\libc.a(lib_a-fwrite.o)
                0x020241c8                _fwrite_r
                0x0202424c                fwrite
 .text          0x02024290        0x0 c:/devkitpro2007/devkitarm/bin/../lib/gcc/arm-eabi/4.1.1/../../../../arm-eabi/lib\libc.a(lib_a-impure.o)
 .text          0x02024290       0xd4 c:/devkitpro2007/devkitarm/bin/../lib/gcc/arm-eabi/4.1.1/../../../../arm-eabi/lib\libc.a(lib_a-init.o)
                0x020242dc                __libc_init_array
                0x02024290                __libc_fini_array
 .text          0x02024364       0x74 c:/devkitpro2007/devkitarm/bin/../lib/gcc/arm-eabi/4.1.1/../../../../arm-eabi/lib\libc.a(lib_a-iprintf.o)
                0x02024364                _iprintf_r
                0x02024398                iprintf
 .text          0x020243d8      0x168 c:/devkitpro2007/devkitarm/bin/../lib/gcc/arm-eabi/4.1.1/../../../../arm-eabi/lib\libc.a(lib_a-makebuf.o)
                0x020243d8                __smakebuf
 .text          0x02024540       0x50 c:/devkitpro2007/devkitarm/bin/../lib/gcc/arm-eabi/4.1.1/../../../../arm-eabi/lib\libc.a(lib_a-malloc.o)
                0x02024568                malloc
                0x02024540                free
 .text          0x02024590      0x774 c:/devkitpro2007/devkitarm/bin/../lib/gcc/arm-eabi/4.1.1/../../../../arm-eabi/lib\libc.a(lib_a-mallocr.o)
                0x02024590                _malloc_r
 .text          0x02024d04      0x100 c:/devkitpro2007/devkitarm/bin/../lib/gcc/arm-eabi/4.1.1/../../../../arm-eabi/lib\libc.a(lib_a-memchr.o)
                0x02024d04                memchr
 .text          0x02024e04       0x9c c:/devkitpro2007/devkitarm/bin/../lib/gcc/arm-eabi/4.1.1/../../../../arm-eabi/lib\libc.a(lib_a-memcpy.o)
                0x02024e04                memcpy
 .text          0x02024ea0       0xfc c:/devkitpro2007/devkitarm/bin/../lib/gcc/arm-eabi/4.1.1/../../../../arm-eabi/lib\libc.a(lib_a-memmove.o)
                0x02024ea0                memmove
 .text          0x02024f9c       0x98 c:/devkitpro2007/devkitarm/bin/../lib/gcc/arm-eabi/4.1.1/../../../../arm-eabi/lib\libc.a(lib_a-memset.o)
                0x02024f9c                memset
 .text          0x02025034        0x8 c:/devkitpro2007/devkitarm/bin/../lib/gcc/arm-eabi/4.1.1/../../../../arm-eabi/lib\libc.a(lib_a-mlock.o)
                0x02025038                __malloc_unlock
                0x02025034                __malloc_lock
 .text          0x0202503c       0x4c c:/devkitpro2007/devkitarm/bin/../lib/gcc/arm-eabi/4.1.1/../../../../arm-eabi/lib\libc.a(lib_a-openr.o)
                0x0202503c                _open_r
 .text          0x02025088      0x188 c:/devkitpro2007/devkitarm/bin/../lib/gcc/arm-eabi/4.1.1/../../../../arm-eabi/lib\libc.a(lib_a-putc.o)
                0x02025154                _putc_r
                0x02025088                putc
 .text          0x02025210      0x958 c:/devkitpro2007/devkitarm/bin/../lib/gcc/arm-eabi/4.1.1/../../../../arm-eabi/lib\libc.a(lib_a-qsort.o)
                0x02025210                qsort
 .text          0x02025b68      0x61c c:/devkitpro2007/devkitarm/bin/../lib/gcc/arm-eabi/4.1.1/../../../../arm-eabi/lib\libc.a(lib_a-reallocr.o)
                0x02025b68                _realloc_r
 .text          0x02026184      0x1a4 c:/devkitpro2007/devkitarm/bin/../lib/gcc/arm-eabi/4.1.1/../../../../arm-eabi/lib\libc.a(lib_a-reent.o)
                0x02026200                cleanup_glue
                0x02026234                _reclaim_reent
                0x02026184                _wrapup_reent
 .text          0x02026328      0x1e0 c:/devkitpro2007/devkitarm/bin/../lib/gcc/arm-eabi/4.1.1/../../../../arm-eabi/lib\libc.a(lib_a-refill.o)
                0x02026360                __srefill_r
 .text          0x02026508       0x48 c:/devkitpro2007/devkitarm/bin/../lib/gcc/arm-eabi/4.1.1/../../../../arm-eabi/lib\libc.a(lib_a-sbrkr.o)
                0x02026508                _sbrk_r
 .text          0x02026550      0x1ac c:/devkitpro2007/devkitarm/bin/../lib/gcc/arm-eabi/4.1.1/../../../../arm-eabi/lib\libc.a(lib_a-setvbuf.o)
                0x02026550                setvbuf
 .text          0x020266fc      0x108 c:/devkitpro2007/devkitarm/bin/../lib/gcc/arm-eabi/4.1.1/../../../../arm-eabi/lib\libc.a(lib_a-siscanf.o)
                0x02026704                _siscanf_r
                0x02026784                siscanf
 .text          0x02026804      0x150 c:/devkitpro2007/devkitarm/bin/../lib/gcc/arm-eabi/4.1.1/../../../../arm-eabi/lib\libc.a(lib_a-snprintf.o)
                0x02026804                snprintf
                0x020268b4                _snprintf_r
 .text          0x02026954       0xdc c:/devkitpro2007/devkitarm/bin/../lib/gcc/arm-eabi/4.1.1/../../../../arm-eabi/lib\libc.a(lib_a-sprintf.o)
                0x020269c8                _sprintf_r
                0x02026954                sprintf
 .text          0x02026a30      0x128 c:/devkitpro2007/devkitarm/bin/../lib/gcc/arm-eabi/4.1.1/../../../../arm-eabi/lib\libc.a(lib_a-stdio.o)
                0x02026a58                __sseek
                0x02026b10                __sread
                0x02026a30                __sclose
                0x02026aa4                __swrite
 .text          0x02026b58       0x9c c:/devkitpro2007/devkitarm/bin/../lib/gcc/arm-eabi/4.1.1/../../../../arm-eabi/lib\libc.a(lib_a-strcasecmp.o)
                0x02026b58                strcasecmp
 .text          0x02026bf4       0x98 c:/devkitpro2007/devkitarm/bin/../lib/gcc/arm-eabi/4.1.1/../../../../arm-eabi/lib\libc.a(lib_a-strcat.o)
                0x02026bf4                strcat
 .text          0x02026c8c      0x118 c:/devkitpro2007/devkitarm/bin/../lib/gcc/arm-eabi/4.1.1/../../../../arm-eabi/lib\libc.a(lib_a-strchr.o)
                0x02026c8c                strchr
 .text          0x02026da4       0xd0 c:/devkitpro2007/devkitarm/bin/../lib/gcc/arm-eabi/4.1.1/../../../../arm-eabi/lib\libc.a(lib_a-strcmp.o)
                0x02026da4                strcmp
 .text          0x02026e74       0xa0 c:/devkitpro2007/devkitarm/bin/../lib/gcc/arm-eabi/4.1.1/../../../../arm-eabi/lib\libc.a(lib_a-strcpy.o)
                0x02026e74                strcpy
 .text          0x02026f14       0x90 c:/devkitpro2007/devkitarm/bin/../lib/gcc/arm-eabi/4.1.1/../../../../arm-eabi/lib\libc.a(lib_a-strlen.o)
                0x02026f14                strlen
 .text          0x02026fa4       0xb8 c:/devkitpro2007/devkitarm/bin/../lib/gcc/arm-eabi/4.1.1/../../../../arm-eabi/lib\libc.a(lib_a-strncasecmp.o)
                0x02026fa4                strncasecmp
 .text          0x0202705c      0x13c c:/devkitpro2007/devkitarm/bin/../lib/gcc/arm-eabi/4.1.1/../../../../arm-eabi/lib\libc.a(lib_a-strncmp.o)
                0x0202705c                strncmp
 .text          0x02027198      0x114 c:/devkitpro2007/devkitarm/bin/../lib/gcc/arm-eabi/4.1.1/../../../../arm-eabi/lib\libc.a(lib_a-strncpy.o)
                0x02027198                strncpy
 .text          0x020272ac       0x48 c:/devkitpro2007/devkitarm/bin/../lib/gcc/arm-eabi/4.1.1/../../../../arm-eabi/lib\libc.a(lib_a-strnlen.o)
                0x020272ac                strnlen
 .text          0x020272f4       0x50 c:/devkitpro2007/devkitarm/bin/../lib/gcc/arm-eabi/4.1.1/../../../../arm-eabi/lib\libc.a(lib_a-strpbrk.o)
                0x020272f4                strpbrk
 .text          0x02027344       0x50 c:/devkitpro2007/devkitarm/bin/../lib/gcc/arm-eabi/4.1.1/../../../../arm-eabi/lib\libc.a(lib_a-strrchr.o)
                0x02027344                strrchr
 .text          0x02027394       0x54 c:/devkitpro2007/devkitarm/bin/../lib/gcc/arm-eabi/4.1.1/../../../../arm-eabi/lib\libc.a(lib_a-strstr.o)
                0x02027394                strstr
 .text          0x020273e8     0x15c8 c:/devkitpro2007/devkitarm/bin/../lib/gcc/arm-eabi/4.1.1/../../../../arm-eabi/lib\libc.a(lib_a-strtod.o)
                0x02027430                _strtod_r
                0x02028990                strtod
                0x02028934                strtof
 .text          0x020289b0      0x1f0 c:/devkitpro2007/devkitarm/bin/../lib/gcc/arm-eabi/4.1.1/../../../../arm-eabi/lib\libc.a(lib_a-strtol.o)
                0x02028b74                strtol
                0x020289b0                _strtol_r
 .text          0x02028ba0      0x1e4 c:/devkitpro2007/devkitarm/bin/../lib/gcc/arm-eabi/4.1.1/../../../../arm-eabi/lib\libc.a(lib_a-strtoul.o)
                0x02028d58                strtoul
                0x02028ba0                _strtoul_r
 .text          0x02028d84       0x44 c:/devkitpro2007/devkitarm/bin/../lib/gcc/arm-eabi/4.1.1/../../../../arm-eabi/lib\libc.a(lib_a-strupr.o)
                0x02028d84                strupr
 .text          0x02028dc8       0x18 c:/devkitpro2007/devkitarm/bin/../lib/gcc/arm-eabi/4.1.1/../../../../arm-eabi/lib\libc.a(lib_a-sysclose.o)
                0x02028dc8                close
 .text          0x02028de0       0x18 c:/devkitpro2007/devkitarm/bin/../lib/gcc/arm-eabi/4.1.1/../../../../arm-eabi/lib\libc.a(lib_a-syslseek.o)
                0x02028de0                lseek
 .text          0x02028df8       0x30 c:/devkitpro2007/devkitarm/bin/../lib/gcc/arm-eabi/4.1.1/../../../../arm-eabi/lib\libc.a(lib_a-sysopen.o)
                0x02028df8                open
 .text          0x02028e28       0x18 c:/devkitpro2007/devkitarm/bin/../lib/gcc/arm-eabi/4.1.1/../../../../arm-eabi/lib\libc.a(lib_a-sysread.o)
                0x02028e28                read
 .text          0x02028e40       0x1c c:/devkitpro2007/devkitarm/bin/../lib/gcc/arm-eabi/4.1.1/../../../../arm-eabi/lib\libc.a(lib_a-toupper.o)
                0x02028e40                toupper
 .text          0x02028e5c     0x1314 c:/devkitpro2007/devkitarm/bin/../lib/gcc/arm-eabi/4.1.1/../../../../arm-eabi/lib\libc.a(lib_a-vfiprintf.o)
                0x0202a144                vfiprintf
                0x02028e9c                _vfiprintf_r
 .text          0x0202a170      0xff4 c:/devkitpro2007/devkitarm/bin/../lib/gcc/arm-eabi/4.1.1/../../../../arm-eabi/lib\libc.a(lib_a-vfiscanf.o)
                0x0202b0bc                _vfiscanf_r
                0x0202b108                vfiscanf
                0x0202a170                __svfiscanf_r
                0x0202b090                __svfiscanf
 .text          0x0202b164     0x2178 c:/devkitpro2007/devkitarm/bin/../lib/gcc/arm-eabi/4.1.1/../../../../arm-eabi/lib\libc.a(lib_a-vfprintf.o)
                0x0202b1a4                _vfprintf_r
                0x0202d2b0                vfprintf
 .text          0x0202d2dc      0x110 c:/devkitpro2007/devkitarm/bin/../lib/gcc/arm-eabi/4.1.1/../../../../arm-eabi/lib\libc.a(lib_a-vsnprintf.o)
                0x0202d368                vsnprintf
                0x0202d2dc                _vsnprintf_r
 .text          0x0202d3ec      0x128 c:/devkitpro2007/devkitarm/bin/../lib/gcc/arm-eabi/4.1.1/../../../../arm-eabi/lib\libc.a(lib_a-wbuf.o)
                0x0202d3ec                __swbuf_r
                0x0202d4f8                __swbuf
 .text          0x0202d514       0x84 c:/devkitpro2007/devkitarm/bin/../lib/gcc/arm-eabi/4.1.1/../../../../arm-eabi/lib\libc.a(lib_a-wcrtomb.o)
                0x0202d514                _wcrtomb_r
                0x0202d56c                wcrtomb
 .text          0x0202d598      0x180 c:/devkitpro2007/devkitarm/bin/../lib/gcc/arm-eabi/4.1.1/../../../../arm-eabi/lib\libc.a(lib_a-wcsrtombs.o)
                0x0202d598                _wcsrtombs_r
                0x0202d6d4                wcsrtombs
 .text          0x0202d718      0x428 c:/devkitpro2007/devkitarm/bin/../lib/gcc/arm-eabi/4.1.1/../../../../arm-eabi/lib\libc.a(lib_a-wctomb_r.o)
                0x0202d718                _wctomb_r
 .text          0x0202db40       0x4c c:/devkitpro2007/devkitarm/bin/../lib/gcc/arm-eabi/4.1.1/../../../../arm-eabi/lib\libc.a(lib_a-writer.o)
                0x0202db40                _write_r
 .text          0x0202db8c      0x10c c:/devkitpro2007/devkitarm/bin/../lib/gcc/arm-eabi/4.1.1/../../../../arm-eabi/lib\libc.a(lib_a-wsetup.o)
                0x0202db8c                __swsetup
 .text          0x0202dc98       0x44 c:/devkitpro2007/devkitarm/bin/../lib/gcc/arm-eabi/4.1.1/../../../../arm-eabi/lib\libc.a(lib_a-closer.o)
                0x0202dc98                _close_r
 *fill*         0x0202dcdc        0x4 ff
 .text          0x0202dce0     0x1648 c:/devkitpro2007/devkitarm/bin/../lib/gcc/arm-eabi/4.1.1/../../../../arm-eabi/lib\libc.a(lib_a-dtoa.o)
                0x0202deec                _dtoa_r
 .text          0x0202f328       0xa4 c:/devkitpro2007/devkitarm/bin/../lib/gcc/arm-eabi/4.1.1/../../../../arm-eabi/lib\libc.a(lib_a-flags.o)
                0x0202f328                __sflags
 .text          0x0202f3cc      0x838 c:/devkitpro2007/devkitarm/bin/../lib/gcc/arm-eabi/4.1.1/../../../../arm-eabi/lib\libc.a(lib_a-gdtoa-gethex.o)
                0x0202f400                __hexdig_init
                0x0202f4f8                __gethex
 .text          0x0202fc04      0x274 c:/devkitpro2007/devkitarm/bin/../lib/gcc/arm-eabi/4.1.1/../../../../arm-eabi/lib\libc.a(lib_a-gdtoa-hexnan.o)
                0x0202fc3c                __hexnan
 .text          0x0202fe78       0x24 c:/devkitpro2007/devkitarm/bin/../lib/gcc/arm-eabi/4.1.1/../../../../arm-eabi/lib\libc.a(lib_a-iswspace.o)
                0x0202fe78                iswspace
 .text          0x0202fe9c       0xb0 c:/devkitpro2007/devkitarm/bin/../lib/gcc/arm-eabi/4.1.1/../../../../arm-eabi/lib\libc.a(lib_a-locale.o)
                0x0202fec8                _setlocale_r
                0x0202fe9c                __locale_charset
                0x0202feac                _localeconv_r
                0x0202ff30                setlocale
                0x0202feb8                localeconv
 .text          0x0202ff4c       0x4c c:/devkitpro2007/devkitarm/bin/../lib/gcc/arm-eabi/4.1.1/../../../../arm-eabi/lib\libc.a(lib_a-lseekr.o)
                0x0202ff4c                _lseek_r
 .text          0x0202ff98       0xac c:/devkitpro2007/devkitarm/bin/../lib/gcc/arm-eabi/4.1.1/../../../../arm-eabi/lib\libc.a(lib_a-mbrtowc.o)
                0x02030000                mbrtowc
                0x0202ff98                _mbrtowc_r
 .text          0x02030044       0x50 c:/devkitpro2007/devkitarm/bin/../lib/gcc/arm-eabi/4.1.1/../../../../arm-eabi/lib\libc.a(lib_a-mbtowc_r.o)
                0x02030044                _mbtowc_r
 .text          0x02030094      0xd08 c:/devkitpro2007/devkitarm/bin/../lib/gcc/arm-eabi/4.1.1/../../../../arm-eabi/lib\libc.a(lib_a-mprec.o)
                0x02030390                _mprec_log10
                0x02030448                __any_on
                0x020304dc                _Balloc
                0x02030314                __ratio
                0x02030ac0                __i2b
                0x0203025c                __b2d
                0x02030ca8                __s2b
                0x0203019c                __mcmp
                0x020300b0                __hi0bits
                0x02030bb0                __pow5mult
                0x020307f4                __lshift
                0x020308fc                __multiply
                0x02030578                __d2b
                0x020303f8                __copybits
                0x020301fc                __ulp
                0x020306b8                __mdiff
                0x02030108                __lo0bits
                0x02030ae4                __multadd
                0x02030094                _Bfree
 .text          0x02030d9c       0x4c c:/devkitpro2007/devkitarm/bin/../lib/gcc/arm-eabi/4.1.1/../../../../arm-eabi/lib\libc.a(lib_a-readr.o)
                0x02030d9c                _read_r
 .text          0x02030de8       0x3c c:/devkitpro2007/devkitarm/bin/../lib/gcc/arm-eabi/4.1.1/../../../../arm-eabi/lib\libc.a(lib_a-s_isinfd.o)
                0x02030de8                __isinfd
 .text          0x02030e24       0x30 c:/devkitpro2007/devkitarm/bin/../lib/gcc/arm-eabi/4.1.1/../../../../arm-eabi/lib\libc.a(lib_a-s_isnand.o)
                0x02030e24                __isnand
 .text          0x02030e54       0xc8 c:/devkitpro2007/devkitarm/bin/../lib/gcc/arm-eabi/4.1.1/../../../../arm-eabi/lib\libc.a(lib_a-sccl.o)
                0x02030e54                __sccl
 .text          0x02030f1c        0xc c:/devkitpro2007/devkitarm/bin/../lib/gcc/arm-eabi/4.1.1/../../../../arm-eabi/lib\libc.a(lib_a-sf_nan.o)
                0x02030f1c                nanf
 .text          0x02030f28      0x254 c:/devkitpro2007/devkitarm/bin/../lib/gcc/arm-eabi/4.1.1/../../../../arm-eabi/lib\libc.a(lib_a-ungetc.o)
                0x02031160                ungetc
                0x02030f28                __submore
                0x02030fe4                _ungetc_r
 .text          0x0203117c       0xa0 c:/devkitpro2007/devkitarm/bin/../lib/gcc/arm-eabi/4.1.1/../../../../arm-eabi/lib\libc.a(lib_a-callocr.o)
                0x0203117c                _calloc_r
 .text          0x0203121c      0x49c c:/devkitpro2007/devkitarm/bin/../lib/gcc/arm-eabi/4.1.1\libgcc.a(_muldivdf3.o)
                0x020314ac                __aeabi_ddiv
                0x0203121c                __aeabi_dmul
                0x020314ac                __divdf3
                0x0203121c                __muldf3
 .text          0x020316b8      0x140 c:/devkitpro2007/devkitarm/bin/../lib/gcc/arm-eabi/4.1.1\libgcc.a(_cmpdf2.o)
                0x020317b0                __aeabi_dcmple
                0x020316c8                __cmpdf2
                0x020316c8                __eqdf2
                0x020316b8                __gtdf2
                0x02031768                __aeabi_cdcmple
                0x0203174c                __aeabi_cdrcmple
                0x020316c0                __ltdf2
                0x02031798                __aeabi_dcmplt
                0x020316c0                __ledf2
                0x020317e0                __aeabi_dcmpgt
                0x020317c8                __aeabi_dcmpge
                0x020316c8                __nedf2
                0x02031780                __aeabi_dcmpeq
                0x02031768                __aeabi_cdcmpeq
                0x020316b8                __gedf2
 .text          0x020317f8       0x5c c:/devkitpro2007/devkitarm/bin/../lib/gcc/arm-eabi/4.1.1\libgcc.a(_fixdfsi.o)
                0x020317f8                __fixdfsi
                0x020317f8                __aeabi_d2iz
 .text          0x02031854       0x54 c:/devkitpro2007/devkitarm/bin/../lib/gcc/arm-eabi/4.1.1\libgcc.a(_fixunsdfsi.o)
                0x02031854                __fixunsdfsi
                0x02031854                __aeabi_d2uiz
 .text          0x020318a8      0x18c c:/devkitpro2007/devkitarm/bin/../lib/gcc/arm-eabi/4.1.1/../../../../arm-eabi/lib\libsysbase.a(iosupport.o)
                0x020319f8                RemoveDevice
                0x020318a8                setDefaultDevice
                0x020318c0                AddDevice
                0x02031954                FindDevice
 .text          0x02031a34       0x6c c:/devkitpro2007/devkitarm/bin/../lib/gcc/arm-eabi/4.1.1/../../../../arm-eabi/lib\libsysbase.a(close.o)
                0x02031a34                _close
 .text          0x02031aa0       0x74 c:/devkitpro2007/devkitarm/bin/../lib/gcc/arm-eabi/4.1.1/../../../../arm-eabi/lib\libsysbase.a(fstat.o)
                0x02031aa0                _fstat
 .text          0x02031b14        0x8 c:/devkitpro2007/devkitarm/bin/../lib/gcc/arm-eabi/4.1.1/../../../../arm-eabi/lib\libsysbase.a(isatty.o)
                0x02031b14                isatty
 .text          0x02031b1c       0x54 c:/devkitpro2007/devkitarm/bin/../lib/gcc/arm-eabi/4.1.1/../../../../arm-eabi/lib\libsysbase.a(lseek.o)
                0x02031b1c                _lseek
 .text          0x02031b70       0xd0 c:/devkitpro2007/devkitarm/bin/../lib/gcc/arm-eabi/4.1.1/../../../../arm-eabi/lib\libsysbase.a(open.o)
                0x02031b70                _open
 .text          0x02031c40       0x70 c:/devkitpro2007/devkitarm/bin/../lib/gcc/arm-eabi/4.1.1/../../../../arm-eabi/lib\libsysbase.a(read.o)
                0x02031c40                _read
 .text          0x02031cb0       0x80 c:/devkitpro2007/devkitarm/bin/../lib/gcc/arm-eabi/4.1.1/../../../../arm-eabi/lib\libsysbase.a(sbrk.o)
                0x02031cb0                _sbrk
 .text          0x02031d30       0x70 c:/devkitpro2007/devkitarm/bin/../lib/gcc/arm-eabi/4.1.1/../../../../arm-eabi/lib\libsysbase.a(write.o)
                0x02031d30                _write
 .text          0x02031da0        0x0 c:/devkitpro2007/devkitarm/bin/../lib/gcc/arm-eabi/4.1.1/../../../../arm-eabi/lib\libsysbase.a(malloc_vars.o)
 .text          0x02031da0      0x360 c:/devkitpro2007/devkitarm/bin/../lib/gcc/arm-eabi/4.1.1/../../../../arm-eabi/lib\libsysbase.a(chdir.o)
                0x02031fb0                chdir
                0x02031da0                getcwd
                0x02031e08                _concatenate_path
 .text          0x02032100      0x20c c:/devkitpro2007/devkitarm/bin/../lib/gcc/arm-eabi/4.1.1/../../../../arm-eabi/lib\libsysbase.a(dir.o)
                0x02032100                dirreset
                0x02032164                dirnext
                0x02032248                diropen
                0x020321d4                dirclose
 .text          0x0203230c        0x0 c:/devkitpro2007/devkitarm/bin/../lib/gcc/arm-eabi/4.1.1/crtend.o
 .text          0x0203230c        0x0 c:/devkitpro2007/devkitarm/bin/../lib/gcc/arm-eabi/4.1.1/crtn.o
 *(.text.*)
 *(.stub)
 *(.gnu.warning)
 *(.gnu.linkonce.t*)
 *(.glue_7)
 .glue_7        0x0203230c        0x0 c:/devkitpro2007/devkitarm/bin/../lib/gcc/arm-eabi/4.1.1/../../../../arm-eabi/lib/ds_arm9_crt0.o
 .glue_7        0x0203230c        0x0 c:/devkitpro2007/devkitarm/bin/../lib/gcc/arm-eabi/4.1.1/crti.o
 .glue_7        0x0203230c        0x0 c:/devkitpro2007/devkitarm/bin/../lib/gcc/arm-eabi/4.1.1/crtbegin.o
 .glue_7        0x0203230c        0x0 ./SNES_global.o
 .glue_7        0x0203230c        0x0 ./apu.o
 .glue_7        0x0203230c        0x0 ./conf.o
 .glue_7        0x0203230c        0x0 ./core.o
 .glue_7        0x0203230c        0x0 ./crc32.o
 .glue_7        0x0203230c        0x0 ./engine.o
 .glue_7        0x0203230c        0x0 ./fs.o
 .glue_7        0x0203230c        0x0 ./snemul_gui.o
 .glue_7        0x0203230c        0x0 ./intr.o
 .glue_7        0x0203230c        0x0 ./main.o
 .glue_7        0x0203230c        0x0 ./memmap.o
 .glue_7        0x0203230c        0x0 ./opcodes.o
 .glue_7        0x0203230c        0x0 ./opcodes2.o
 .glue_7        0x0203230c        0x0 ./ppu.o
 .glue_7        0x0203230c        0x0 ./snapshot.o
 .glue_7        0x0203230c        0x0 ./snes.o
 .glue_7        0x0203230c        0x0 ./touch.o
 .glue_7        0x0203230c        0x0 ./gui.o
 .glue_7        0x0203230c        0x0 ./gui_font.o
 .glue_7        0x0203230c        0x0 ./gui_widgets.o
 .glue_7        0x0203230c        0x0 ./katakana_12.o
 .glue_7        0x0203230c        0x0 ./smallfont_7.o
 .glue_7        0x0203230c        0x0 ./trebuchet_9.o
 .glue_7        0x0203230c        0x0 ./input.o
 .glue_7        0x0203230c        0x0 ./ram.o
 .glue_7        0x0203230c        0x0 ./snemul_str_cat.o
 .glue_7        0x0203230c        0x0 ./snemul_str_dan.o
 .glue_7        0x0203230c        0x0 ./snemul_str_eng.o
 .glue_7        0x0203230c        0x0 ./snemul_str_fr.o
 .glue_7        0x0203230c        0x0 ./snemul_str_ger.o
 .glue_7        0x0203230c        0x0 ./snemul_str_ita.o
 .glue_7        0x0203230c        0x0 ./snemul_str_jpn.o
 .glue_7        0x0203230c        0x0 ./snemul_str_nl.o
 .glue_7        0x0203230c        0x0 ./snemul_str_pol.o
 .glue_7        0x0203230c        0x0 ./snemul_str_pt.o
 .glue_7        0x0203230c        0x0 ./snemul_str_spa.o
 .glue_7        0x0203230c        0x0 c:/devkitPro2007/libnds/lib\libfat.a(libfat.o)
 .glue_7        0x0203230c        0x0 c:/devkitPro2007/libnds/lib\libfat.a(partition.o)
 .glue_7        0x0203230c        0x0 c:/devkitPro2007/libnds/lib\libfat.a(disc.o)
 .glue_7        0x0203230c        0x0 c:/devkitPro2007/libnds/lib\libfat.a(io_m3cf.o)
 .glue_7        0x0203230c        0x0 c:/devkitPro2007/libnds/lib\libfat.a(io_m3sd.o)
 .glue_7        0x0203230c        0x0 c:/devkitPro2007/libnds/lib\libfat.a(io_mpcf.o)
 .glue_7        0x0203230c        0x0 c:/devkitPro2007/libnds/lib\libfat.a(io_njsd.o)
 .glue_7        0x0203230c        0x0 c:/devkitPro2007/libnds/lib\libfat.a(io_nmmc.o)
 .glue_7        0x0203230c        0x0 c:/devkitPro2007/libnds/lib\libfat.a(io_sccf.o)
 .glue_7        0x0203230c        0x0 c:/devkitPro2007/libnds/lib\libfat.a(io_scsd.o)
 .glue_7        0x0203230c        0x0 c:/devkitPro2007/libnds/lib\libfat.a(io_sd_common.o)
 .glue_7        0x0203230c        0x0 c:/devkitPro2007/libnds/lib\libfat.a(io_dldi.o)
 .glue_7        0x0203230c        0x0 c:/devkitPro2007/libnds/lib\libfat.a(io_scsd_s.o)
 .glue_7        0x0203230c        0x0 c:/devkitPro2007/libnds/lib\libfat.a(cache.o)
 .glue_7        0x0203230c        0x0 c:/devkitPro2007/libnds/lib\libfat.a(fatdir.o)
 .glue_7        0x0203230c        0x0 c:/devkitPro2007/libnds/lib\libfat.a(fatfile.o)
 .glue_7        0x0203230c        0x0 c:/devkitPro2007/libnds/lib\libfat.a(file_allocation_table.o)
 .glue_7        0x0203230c        0x0 c:/devkitPro2007/libnds/lib\libfat.a(filetime.o)
 .glue_7        0x0203230c        0x0 c:/devkitPro2007/libnds/lib\libfat.a(io_cf_common.o)
 .glue_7        0x0203230c        0x0 c:/devkitPro2007/libnds/lib\libfat.a(io_m3_common.o)
 .glue_7        0x0203230c        0x0 c:/devkitPro2007/libnds/lib\libfat.a(io_sc_common.o)
 .glue_7        0x0203230c        0x0 c:/devkitPro2007/libnds/lib\libfat.a(directory.o)
 .glue_7        0x0203230c        0x0 c:/devkitPro2007/libnds/lib\libnds9.a(console.o)
 .glue_7        0x0203230c        0x0 c:/devkitPro2007/libnds/lib\libnds9.a(keys.o)
 .glue_7        0x0203230c        0x0 c:/devkitPro2007/libnds/lib\libnds9.a(video.o)
 .glue_7        0x0203230c        0x0 c:/devkitPro2007/libnds/lib\libnds9.a(card.o)
 .glue_7        0x0203230c        0x0 c:/devkitPro2007/libnds/lib\libnds9.a(interrupts.o)
 .glue_7        0x0203230c        0x0 c:/devkitPro2007/libnds/lib\libnds9.a(exceptionHandler.o)
 .glue_7        0x0203230c        0x0 c:/devkitPro2007/libnds/lib\libnds9.a(biosCalls.o)
 .glue_7        0x0203230c        0x0 c:/devkitPro2007/libnds/lib\libnds9.a(interruptDispatcher.o)
 .glue_7        0x0203230c        0x0 c:/devkitPro2007/libnds/lib\libnds9.a(default_font.o)
 .glue_7        0x0203230c        0x0 c:/devkitpro2007/devkitarm/bin/../lib/gcc/arm-eabi/4.1.1\libgcc.a(_udivsi3.o)
 .glue_7        0x0203230c        0x0 c:/devkitpro2007/devkitarm/bin/../lib/gcc/arm-eabi/4.1.1\libgcc.a(_divsi3.o)
 .glue_7        0x0203230c        0x0 c:/devkitpro2007/devkitarm/bin/../lib/gcc/arm-eabi/4.1.1\libgcc.a(_dvmd_tls.o)
 .glue_7        0x0203230c        0x0 c:/devkitpro2007/devkitarm/bin/../lib/gcc/arm-eabi/4.1.1\libgcc.a(_call_via_rX.o)
 .glue_7        0x0203230c        0x0 c:/devkitpro2007/devkitarm/bin/../lib/gcc/arm-eabi/4.1.1\libgcc.a(_addsubdf3.o)
 .glue_7        0x0203230c        0x0 c:/devkitpro2007/devkitarm/bin/../lib/gcc/arm-eabi/4.1.1\libgcc.a(_truncdfsf2.o)
 .glue_7        0x0203230c        0x0 c:/devkitpro2007/devkitarm/bin/../lib/gcc/arm-eabi/4.1.1/../../../../arm-eabi/lib\libc.a(lib_a-atof.o)
 .glue_7        0x0203230c        0x0 c:/devkitpro2007/devkitarm/bin/../lib/gcc/arm-eabi/4.1.1/../../../../arm-eabi/lib\libc.a(lib_a-ctype_.o)
 .glue_7        0x0203230c        0x0 c:/devkitpro2007/devkitarm/bin/../lib/gcc/arm-eabi/4.1.1/../../../../arm-eabi/lib\libc.a(lib_a-fclose.o)
 .glue_7        0x0203230c        0x0 c:/devkitpro2007/devkitarm/bin/../lib/gcc/arm-eabi/4.1.1/../../../../arm-eabi/lib\libc.a(lib_a-fflush.o)
 .glue_7        0x0203230c        0x0 c:/devkitpro2007/devkitarm/bin/../lib/gcc/arm-eabi/4.1.1/../../../../arm-eabi/lib\libc.a(lib_a-findfp.o)
 .glue_7        0x0203230c        0x0 c:/devkitpro2007/devkitarm/bin/../lib/gcc/arm-eabi/4.1.1/../../../../arm-eabi/lib\libc.a(lib_a-fopen.o)
 .glue_7        0x0203230c        0x0 c:/devkitpro2007/devkitarm/bin/../lib/gcc/arm-eabi/4.1.1/../../../../arm-eabi/lib\libc.a(lib_a-fputc.o)
 .glue_7        0x0203230c        0x0 c:/devkitpro2007/devkitarm/bin/../lib/gcc/arm-eabi/4.1.1/../../../../arm-eabi/lib\libc.a(lib_a-fputs.o)
 .glue_7        0x0203230c        0x0 c:/devkitpro2007/devkitarm/bin/../lib/gcc/arm-eabi/4.1.1/../../../../arm-eabi/lib\libc.a(lib_a-fread.o)
 .glue_7        0x0203230c        0x0 c:/devkitpro2007/devkitarm/bin/../lib/gcc/arm-eabi/4.1.1/../../../../arm-eabi/lib\libc.a(lib_a-freer.o)
 .glue_7        0x0203230c        0x0 c:/devkitpro2007/devkitarm/bin/../lib/gcc/arm-eabi/4.1.1/../../../../arm-eabi/lib\libc.a(lib_a-fseek.o)
 .glue_7        0x0203230c        0x0 c:/devkitpro2007/devkitarm/bin/../lib/gcc/arm-eabi/4.1.1/../../../../arm-eabi/lib\libc.a(lib_a-fstatr.o)
 .glue_7        0x0203230c        0x0 c:/devkitpro2007/devkitarm/bin/../lib/gcc/arm-eabi/4.1.1/../../../../arm-eabi/lib\libc.a(lib_a-ftell.o)
 .glue_7        0x0203230c        0x0 c:/devkitpro2007/devkitarm/bin/../lib/gcc/arm-eabi/4.1.1/../../../../arm-eabi/lib\libc.a(lib_a-fvwrite.o)
 .glue_7        0x0203230c        0x0 c:/devkitpro2007/devkitarm/bin/../lib/gcc/arm-eabi/4.1.1/../../../../arm-eabi/lib\libc.a(lib_a-fwalk.o)
 .glue_7        0x0203230c        0x0 c:/devkitpro2007/devkitarm/bin/../lib/gcc/arm-eabi/4.1.1/../../../../arm-eabi/lib\libc.a(lib_a-fwrite.o)
 .glue_7        0x0203230c        0x0 c:/devkitpro2007/devkitarm/bin/../lib/gcc/arm-eabi/4.1.1/../../../../arm-eabi/lib\libc.a(lib_a-impure.o)
 .glue_7        0x0203230c        0x0 c:/devkitpro2007/devkitarm/bin/../lib/gcc/arm-eabi/4.1.1/../../../../arm-eabi/lib\libc.a(lib_a-init.o)
 .glue_7        0x0203230c        0x0 c:/devkitpro2007/devkitarm/bin/../lib/gcc/arm-eabi/4.1.1/../../../../arm-eabi/lib\libc.a(lib_a-iprintf.o)
 .glue_7        0x0203230c        0x0 c:/devkitpro2007/devkitarm/bin/../lib/gcc/arm-eabi/4.1.1/../../../../arm-eabi/lib\libc.a(lib_a-makebuf.o)
 .glue_7        0x0203230c        0x0 c:/devkitpro2007/devkitarm/bin/../lib/gcc/arm-eabi/4.1.1/../../../../arm-eabi/lib\libc.a(lib_a-malloc.o)
 .glue_7        0x0203230c        0x0 c:/devkitpro2007/devkitarm/bin/../lib/gcc/arm-eabi/4.1.1/../../../../arm-eabi/lib\libc.a(lib_a-mallocr.o)
 .glue_7        0x0203230c        0x0 c:/devkitpro2007/devkitarm/bin/../lib/gcc/arm-eabi/4.1.1/../../../../arm-eabi/lib\libc.a(lib_a-memchr.o)
 .glue_7        0x0203230c        0x0 c:/devkitpro2007/devkitarm/bin/../lib/gcc/arm-eabi/4.1.1/../../../../arm-eabi/lib\libc.a(lib_a-memcpy.o)
 .glue_7        0x0203230c        0x0 c:/devkitpro2007/devkitarm/bin/../lib/gcc/arm-eabi/4.1.1/../../../../arm-eabi/lib\libc.a(lib_a-memmove.o)
 .glue_7        0x0203230c        0x0 c:/devkitpro2007/devkitarm/bin/../lib/gcc/arm-eabi/4.1.1/../../../../arm-eabi/lib\libc.a(lib_a-memset.o)
 .glue_7        0x0203230c        0x0 c:/devkitpro2007/devkitarm/bin/../lib/gcc/arm-eabi/4.1.1/../../../../arm-eabi/lib\libc.a(lib_a-mlock.o)
 .glue_7        0x0203230c        0x0 c:/devkitpro2007/devkitarm/bin/../lib/gcc/arm-eabi/4.1.1/../../../../arm-eabi/lib\libc.a(lib_a-openr.o)
 .glue_7        0x0203230c        0x0 c:/devkitpro2007/devkitarm/bin/../lib/gcc/arm-eabi/4.1.1/../../../../arm-eabi/lib\libc.a(lib_a-putc.o)
 .glue_7        0x0203230c        0x0 c:/devkitpro2007/devkitarm/bin/../lib/gcc/arm-eabi/4.1.1/../../../../arm-eabi/lib\libc.a(lib_a-qsort.o)
 .glue_7        0x0203230c        0x0 c:/devkitpro2007/devkitarm/bin/../lib/gcc/arm-eabi/4.1.1/../../../../arm-eabi/lib\libc.a(lib_a-reallocr.o)
 .glue_7        0x0203230c        0x0 c:/devkitpro2007/devkitarm/bin/../lib/gcc/arm-eabi/4.1.1/../../../../arm-eabi/lib\libc.a(lib_a-reent.o)
 .glue_7        0x0203230c        0x0 c:/devkitpro2007/devkitarm/bin/../lib/gcc/arm-eabi/4.1.1/../../../../arm-eabi/lib\libc.a(lib_a-refill.o)
 .glue_7        0x0203230c        0x0 c:/devkitpro2007/devkitarm/bin/../lib/gcc/arm-eabi/4.1.1/../../../../arm-eabi/lib\libc.a(lib_a-sbrkr.o)
 .glue_7        0x0203230c        0x0 c:/devkitpro2007/devkitarm/bin/../lib/gcc/arm-eabi/4.1.1/../../../../arm-eabi/lib\libc.a(lib_a-setvbuf.o)
 .glue_7        0x0203230c        0x0 c:/devkitpro2007/devkitarm/bin/../lib/gcc/arm-eabi/4.1.1/../../../../arm-eabi/lib\libc.a(lib_a-siscanf.o)
 .glue_7        0x0203230c        0x0 c:/devkitpro2007/devkitarm/bin/../lib/gcc/arm-eabi/4.1.1/../../../../arm-eabi/lib\libc.a(lib_a-snprintf.o)
 .glue_7        0x0203230c        0x0 c:/devkitpro2007/devkitarm/bin/../lib/gcc/arm-eabi/4.1.1/../../../../arm-eabi/lib\libc.a(lib_a-sprintf.o)
 .glue_7        0x0203230c        0x0 c:/devkitpro2007/devkitarm/bin/../lib/gcc/arm-eabi/4.1.1/../../../../arm-eabi/lib\libc.a(lib_a-stdio.o)
 .glue_7        0x0203230c        0x0 c:/devkitpro2007/devkitarm/bin/../lib/gcc/arm-eabi/4.1.1/../../../../arm-eabi/lib\libc.a(lib_a-strcasecmp.o)
 .glue_7        0x0203230c        0x0 c:/devkitpro2007/devkitarm/bin/../lib/gcc/arm-eabi/4.1.1/../../../../arm-eabi/lib\libc.a(lib_a-strcat.o)
 .glue_7        0x0203230c        0x0 c:/devkitpro2007/devkitarm/bin/../lib/gcc/arm-eabi/4.1.1/../../../../arm-eabi/lib\libc.a(lib_a-strchr.o)
 .glue_7        0x0203230c        0x0 c:/devkitpro2007/devkitarm/bin/../lib/gcc/arm-eabi/4.1.1/../../../../arm-eabi/lib\libc.a(lib_a-strcmp.o)
 .glue_7        0x0203230c        0x0 c:/devkitpro2007/devkitarm/bin/../lib/gcc/arm-eabi/4.1.1/../../../../arm-eabi/lib\libc.a(lib_a-strcpy.o)
 .glue_7        0x0203230c        0x0 c:/devkitpro2007/devkitarm/bin/../lib/gcc/arm-eabi/4.1.1/../../../../arm-eabi/lib\libc.a(lib_a-strlen.o)
 .glue_7        0x0203230c        0x0 c:/devkitpro2007/devkitarm/bin/../lib/gcc/arm-eabi/4.1.1/../../../../arm-eabi/lib\libc.a(lib_a-strncasecmp.o)
 .glue_7        0x0203230c        0x0 c:/devkitpro2007/devkitarm/bin/../lib/gcc/arm-eabi/4.1.1/../../../../arm-eabi/lib\libc.a(lib_a-strncmp.o)
 .glue_7        0x0203230c        0x0 c:/devkitpro2007/devkitarm/bin/../lib/gcc/arm-eabi/4.1.1/../../../../arm-eabi/lib\libc.a(lib_a-strncpy.o)
 .glue_7        0x0203230c        0x0 c:/devkitpro2007/devkitarm/bin/../lib/gcc/arm-eabi/4.1.1/../../../../arm-eabi/lib\libc.a(lib_a-strnlen.o)
 .glue_7        0x0203230c        0x0 c:/devkitpro2007/devkitarm/bin/../lib/gcc/arm-eabi/4.1.1/../../../../arm-eabi/lib\libc.a(lib_a-strpbrk.o)
 .glue_7        0x0203230c        0x0 c:/devkitpro2007/devkitarm/bin/../lib/gcc/arm-eabi/4.1.1/../../../../arm-eabi/lib\libc.a(lib_a-strrchr.o)
 .glue_7        0x0203230c        0x0 c:/devkitpro2007/devkitarm/bin/../lib/gcc/arm-eabi/4.1.1/../../../../arm-eabi/lib\libc.a(lib_a-strstr.o)
 .glue_7        0x0203230c        0x0 c:/devkitpro2007/devkitarm/bin/../lib/gcc/arm-eabi/4.1.1/../../../../arm-eabi/lib\libc.a(lib_a-strtod.o)
 .glue_7        0x0203230c        0x0 c:/devkitpro2007/devkitarm/bin/../lib/gcc/arm-eabi/4.1.1/../../../../arm-eabi/lib\libc.a(lib_a-strtol.o)
 .glue_7        0x0203230c        0x0 c:/devkitpro2007/devkitarm/bin/../lib/gcc/arm-eabi/4.1.1/../../../../arm-eabi/lib\libc.a(lib_a-strtoul.o)
 .glue_7        0x0203230c        0x0 c:/devkitpro2007/devkitarm/bin/../lib/gcc/arm-eabi/4.1.1/../../../../arm-eabi/lib\libc.a(lib_a-strupr.o)
 .glue_7        0x0203230c        0x0 c:/devkitpro2007/devkitarm/bin/../lib/gcc/arm-eabi/4.1.1/../../../../arm-eabi/lib\libc.a(lib_a-sysclose.o)
 .glue_7        0x0203230c        0x0 c:/devkitpro2007/devkitarm/bin/../lib/gcc/arm-eabi/4.1.1/../../../../arm-eabi/lib\libc.a(lib_a-syslseek.o)
 .glue_7        0x0203230c        0x0 c:/devkitpro2007/devkitarm/bin/../lib/gcc/arm-eabi/4.1.1/../../../../arm-eabi/lib\libc.a(lib_a-sysopen.o)
 .glue_7        0x0203230c        0x0 c:/devkitpro2007/devkitarm/bin/../lib/gcc/arm-eabi/4.1.1/../../../../arm-eabi/lib\libc.a(lib_a-sysread.o)
 .glue_7        0x0203230c        0x0 c:/devkitpro2007/devkitarm/bin/../lib/gcc/arm-eabi/4.1.1/../../../../arm-eabi/lib\libc.a(lib_a-toupper.o)
 .glue_7        0x0203230c        0x0 c:/devkitpro2007/devkitarm/bin/../lib/gcc/arm-eabi/4.1.1/../../../../arm-eabi/lib\libc.a(lib_a-vfiprintf.o)
 .glue_7        0x0203230c        0x0 c:/devkitpro2007/devkitarm/bin/../lib/gcc/arm-eabi/4.1.1/../../../../arm-eabi/lib\libc.a(lib_a-vfiscanf.o)
 .glue_7        0x0203230c        0x0 c:/devkitpro2007/devkitarm/bin/../lib/gcc/arm-eabi/4.1.1/../../../../arm-eabi/lib\libc.a(lib_a-vfprintf.o)
 .glue_7        0x0203230c        0x0 c:/devkitpro2007/devkitarm/bin/../lib/gcc/arm-eabi/4.1.1/../../../../arm-eabi/lib\libc.a(lib_a-vsnprintf.o)
 .glue_7        0x0203230c        0x0 c:/devkitpro2007/devkitarm/bin/../lib/gcc/arm-eabi/4.1.1/../../../../arm-eabi/lib\libc.a(lib_a-wbuf.o)
 .glue_7        0x0203230c        0x0 c:/devkitpro2007/devkitarm/bin/../lib/gcc/arm-eabi/4.1.1/../../../../arm-eabi/lib\libc.a(lib_a-wcrtomb.o)
 .glue_7        0x0203230c        0x0 c:/devkitpro2007/devkitarm/bin/../lib/gcc/arm-eabi/4.1.1/../../../../arm-eabi/lib\libc.a(lib_a-wcsrtombs.o)
 .glue_7        0x0203230c        0x0 c:/devkitpro2007/devkitarm/bin/../lib/gcc/arm-eabi/4.1.1/../../../../arm-eabi/lib\libc.a(lib_a-wctomb_r.o)
 .glue_7        0x0203230c        0x0 c:/devkitpro2007/devkitarm/bin/../lib/gcc/arm-eabi/4.1.1/../../../../arm-eabi/lib\libc.a(lib_a-writer.o)
 .glue_7        0x0203230c        0x0 c:/devkitpro2007/devkitarm/bin/../lib/gcc/arm-eabi/4.1.1/../../../../arm-eabi/lib\libc.a(lib_a-wsetup.o)
 .glue_7        0x0203230c        0x0 c:/devkitpro2007/devkitarm/bin/../lib/gcc/arm-eabi/4.1.1/../../../../arm-eabi/lib\libc.a(lib_a-closer.o)
 .glue_7        0x0203230c        0x0 c:/devkitpro2007/devkitarm/bin/../lib/gcc/arm-eabi/4.1.1/../../../../arm-eabi/lib\libc.a(lib_a-dtoa.o)
 .glue_7        0x0203230c        0x0 c:/devkitpro2007/devkitarm/bin/../lib/gcc/arm-eabi/4.1.1/../../../../arm-eabi/lib\libc.a(lib_a-flags.o)
 .glue_7        0x0203230c        0x0 c:/devkitpro2007/devkitarm/bin/../lib/gcc/arm-eabi/4.1.1/../../../../arm-eabi/lib\libc.a(lib_a-gdtoa-gethex.o)
 .glue_7        0x0203230c        0x0 c:/devkitpro2007/devkitarm/bin/../lib/gcc/arm-eabi/4.1.1/../../../../arm-eabi/lib\libc.a(lib_a-gdtoa-hexnan.o)
 .glue_7        0x0203230c        0x0 c:/devkitpro2007/devkitarm/bin/../lib/gcc/arm-eabi/4.1.1/../../../../arm-eabi/lib\libc.a(lib_a-iswspace.o)
 .glue_7        0x0203230c        0x0 c:/devkitpro2007/devkitarm/bin/../lib/gcc/arm-eabi/4.1.1/../../../../arm-eabi/lib\libc.a(lib_a-locale.o)
 .glue_7        0x0203230c        0x0 c:/devkitpro2007/devkitarm/bin/../lib/gcc/arm-eabi/4.1.1/../../../../arm-eabi/lib\libc.a(lib_a-lseekr.o)
 .glue_7        0x0203230c        0x0 c:/devkitpro2007/devkitarm/bin/../lib/gcc/arm-eabi/4.1.1/../../../../arm-eabi/lib\libc.a(lib_a-mbrtowc.o)
 .glue_7        0x0203230c        0x0 c:/devkitpro2007/devkitarm/bin/../lib/gcc/arm-eabi/4.1.1/../../../../arm-eabi/lib\libc.a(lib_a-mbtowc_r.o)
 .glue_7        0x0203230c        0x0 c:/devkitpro2007/devkitarm/bin/../lib/gcc/arm-eabi/4.1.1/../../../../arm-eabi/lib\libc.a(lib_a-mprec.o)
 .glue_7        0x0203230c        0x0 c:/devkitpro2007/devkitarm/bin/../lib/gcc/arm-eabi/4.1.1/../../../../arm-eabi/lib\libc.a(lib_a-readr.o)
 .glue_7        0x0203230c        0x0 c:/devkitpro2007/devkitarm/bin/../lib/gcc/arm-eabi/4.1.1/../../../../arm-eabi/lib\libc.a(lib_a-s_isinfd.o)
 .glue_7        0x0203230c        0x0 c:/devkitpro2007/devkitarm/bin/../lib/gcc/arm-eabi/4.1.1/../../../../arm-eabi/lib\libc.a(lib_a-s_isnand.o)
 .glue_7        0x0203230c        0x0 c:/devkitpro2007/devkitarm/bin/../lib/gcc/arm-eabi/4.1.1/../../../../arm-eabi/lib\libc.a(lib_a-sccl.o)
 .glue_7        0x0203230c        0x0 c:/devkitpro2007/devkitarm/bin/../lib/gcc/arm-eabi/4.1.1/../../../../arm-eabi/lib\libc.a(lib_a-sf_nan.o)
 .glue_7        0x0203230c        0x0 c:/devkitpro2007/devkitarm/bin/../lib/gcc/arm-eabi/4.1.1/../../../../arm-eabi/lib\libc.a(lib_a-ungetc.o)
 .glue_7        0x0203230c        0x0 c:/devkitpro2007/devkitarm/bin/../lib/gcc/arm-eabi/4.1.1/../../../../arm-eabi/lib\libc.a(lib_a-callocr.o)
 .glue_7        0x0203230c        0x0 c:/devkitpro2007/devkitarm/bin/../lib/gcc/arm-eabi/4.1.1\libgcc.a(_muldivdf3.o)
 .glue_7        0x0203230c        0x0 c:/devkitpro2007/devkitarm/bin/../lib/gcc/arm-eabi/4.1.1\libgcc.a(_cmpdf2.o)
 .glue_7        0x0203230c        0x0 c:/devkitpro2007/devkitarm/bin/../lib/gcc/arm-eabi/4.1.1\libgcc.a(_fixdfsi.o)
 .glue_7        0x0203230c        0x0 c:/devkitpro2007/devkitarm/bin/../lib/gcc/arm-eabi/4.1.1\libgcc.a(_fixunsdfsi.o)
 .glue_7        0x0203230c        0x0 c:/devkitpro2007/devkitarm/bin/../lib/gcc/arm-eabi/4.1.1/../../../../arm-eabi/lib\libsysbase.a(iosupport.o)
 .glue_7        0x0203230c        0x0 c:/devkitpro2007/devkitarm/bin/../lib/gcc/arm-eabi/4.1.1/../../../../arm-eabi/lib\libsysbase.a(close.o)
 .glue_7        0x0203230c        0x0 c:/devkitpro2007/devkitarm/bin/../lib/gcc/arm-eabi/4.1.1/../../../../arm-eabi/lib\libsysbase.a(fstat.o)
 .glue_7        0x0203230c        0x0 c:/devkitpro2007/devkitarm/bin/../lib/gcc/arm-eabi/4.1.1/../../../../arm-eabi/lib\libsysbase.a(isatty.o)
 .glue_7        0x0203230c        0x0 c:/devkitpro2007/devkitarm/bin/../lib/gcc/arm-eabi/4.1.1/../../../../arm-eabi/lib\libsysbase.a(lseek.o)
 .glue_7        0x0203230c        0x0 c:/devkitpro2007/devkitarm/bin/../lib/gcc/arm-eabi/4.1.1/../../../../arm-eabi/lib\libsysbase.a(open.o)
 .glue_7        0x0203230c        0x0 c:/devkitpro2007/devkitarm/bin/../lib/gcc/arm-eabi/4.1.1/../../../../arm-eabi/lib\libsysbase.a(read.o)
 .glue_7        0x0203230c        0x0 c:/devkitpro2007/devkitarm/bin/../lib/gcc/arm-eabi/4.1.1/../../../../arm-eabi/lib\libsysbase.a(sbrk.o)
 .glue_7        0x0203230c        0x0 c:/devkitpro2007/devkitarm/bin/../lib/gcc/arm-eabi/4.1.1/../../../../arm-eabi/lib\libsysbase.a(write.o)
 .glue_7        0x0203230c        0x0 c:/devkitpro2007/devkitarm/bin/../lib/gcc/arm-eabi/4.1.1/../../../../arm-eabi/lib\libsysbase.a(malloc_vars.o)
 .glue_7        0x0203230c        0x0 c:/devkitpro2007/devkitarm/bin/../lib/gcc/arm-eabi/4.1.1/../../../../arm-eabi/lib\libsysbase.a(chdir.o)
 .glue_7        0x0203230c        0x0 c:/devkitpro2007/devkitarm/bin/../lib/gcc/arm-eabi/4.1.1/../../../../arm-eabi/lib\libsysbase.a(dir.o)
 .glue_7        0x0203230c       0xfc c:/devkitpro2007/devkitarm/bin/../lib/gcc/arm-eabi/4.1.1/crtend.o
                0x020323c0                __keysHeld_from_arm
                0x02032384                __vramSetBankF_from_arm
                0x020323fc                __keysDownRepeat_from_arm
                0x020323b4                __scanKeys_from_arm
                0x020323f0                __keysDown_from_arm
                0x02032360                __vramSetBankC_from_arm
                0x020323d8                __consoleInitDefault_from_arm
                0x02032378                __vramSetBankE_from_arm
                0x0203230c                ___call_via_r3_from_arm
                0x0203233c                __consoleClear_from_arm
                0x02032354                __vramSetBankB_from_arm
                0x020323a8                __vramSetBankI_from_arm
                0x020323cc                __keysSetRepeat_from_arm
                0x02032348                __vramSetBankA_from_arm
                0x02032390                __vramSetBankG_from_arm
                0x0203239c                __vramSetBankH_from_arm
                0x020323e4                __keysUp_from_arm
                0x0203236c                __vramSetBankD_from_arm
                0x02032318                __swiWaitForVBlank_from_arm
                0x02032324                __fatInitDefault_from_arm
                0x02032330                __swiFastCopy_from_arm
 .glue_7        0x02032408        0x0 c:/devkitpro2007/devkitarm/bin/../lib/gcc/arm-eabi/4.1.1/crtn.o
 *(.glue_7t)
 .glue_7t       0x02032408        0x0 c:/devkitpro2007/devkitarm/bin/../lib/gcc/arm-eabi/4.1.1/../../../../arm-eabi/lib/ds_arm9_crt0.o
 .glue_7t       0x02032408        0x0 c:/devkitpro2007/devkitarm/bin/../lib/gcc/arm-eabi/4.1.1/crti.o
 .glue_7t       0x02032408        0x0 c:/devkitpro2007/devkitarm/bin/../lib/gcc/arm-eabi/4.1.1/crtbegin.o
 .glue_7t       0x02032408        0x0 ./SNES_global.o
 .glue_7t       0x02032408        0x0 ./apu.o
 .glue_7t       0x02032408        0x0 ./conf.o
 .glue_7t       0x02032408        0x0 ./core.o
 .glue_7t       0x02032408        0x0 ./crc32.o
 .glue_7t       0x02032408        0x0 ./engine.o
 .glue_7t       0x02032408        0x0 ./fs.o
 .glue_7t       0x02032408        0x0 ./snemul_gui.o
 .glue_7t       0x02032408        0x0 ./intr.o
 .glue_7t       0x02032408        0x0 ./main.o
 .glue_7t       0x02032408        0x0 ./memmap.o
 .glue_7t       0x02032408        0x0 ./opcodes.o
 .glue_7t       0x02032408        0x0 ./opcodes2.o
 .glue_7t       0x02032408        0x0 ./ppu.o
 .glue_7t       0x02032408        0x0 ./snapshot.o
 .glue_7t       0x02032408        0x0 ./snes.o
 .glue_7t       0x02032408        0x0 ./touch.o
 .glue_7t       0x02032408        0x0 ./gui.o
 .glue_7t       0x02032408        0x0 ./gui_font.o
 .glue_7t       0x02032408        0x0 ./gui_widgets.o
 .glue_7t       0x02032408        0x0 ./katakana_12.o
 .glue_7t       0x02032408        0x0 ./smallfont_7.o
 .glue_7t       0x02032408        0x0 ./trebuchet_9.o
 .glue_7t       0x02032408        0x0 ./input.o
 .glue_7t       0x02032408        0x0 ./ram.o
 .glue_7t       0x02032408        0x0 ./snemul_str_cat.o
 .glue_7t       0x02032408        0x0 ./snemul_str_dan.o
 .glue_7t       0x02032408        0x0 ./snemul_str_eng.o
 .glue_7t       0x02032408        0x0 ./snemul_str_fr.o
 .glue_7t       0x02032408        0x0 ./snemul_str_ger.o
 .glue_7t       0x02032408        0x0 ./snemul_str_ita.o
 .glue_7t       0x02032408        0x0 ./snemul_str_jpn.o
 .glue_7t       0x02032408        0x0 ./snemul_str_nl.o
 .glue_7t       0x02032408        0x0 ./snemul_str_pol.o
 .glue_7t       0x02032408        0x0 ./snemul_str_pt.o
 .glue_7t       0x02032408        0x0 ./snemul_str_spa.o
 .glue_7t       0x02032408        0x0 c:/devkitPro2007/libnds/lib\libfat.a(libfat.o)
 .glue_7t       0x02032408        0x0 c:/devkitPro2007/libnds/lib\libfat.a(partition.o)
 .glue_7t       0x02032408        0x0 c:/devkitPro2007/libnds/lib\libfat.a(disc.o)
 .glue_7t       0x02032408        0x0 c:/devkitPro2007/libnds/lib\libfat.a(io_m3cf.o)
 .glue_7t       0x02032408        0x0 c:/devkitPro2007/libnds/lib\libfat.a(io_m3sd.o)
 .glue_7t       0x02032408        0x0 c:/devkitPro2007/libnds/lib\libfat.a(io_mpcf.o)
 .glue_7t       0x02032408        0x0 c:/devkitPro2007/libnds/lib\libfat.a(io_njsd.o)
 .glue_7t       0x02032408        0x0 c:/devkitPro2007/libnds/lib\libfat.a(io_nmmc.o)
 .glue_7t       0x02032408        0x0 c:/devkitPro2007/libnds/lib\libfat.a(io_sccf.o)
 .glue_7t       0x02032408        0x0 c:/devkitPro2007/libnds/lib\libfat.a(io_scsd.o)
 .glue_7t       0x02032408        0x0 c:/devkitPro2007/libnds/lib\libfat.a(io_sd_common.o)
 .glue_7t       0x02032408        0x0 c:/devkitPro2007/libnds/lib\libfat.a(io_dldi.o)
 .glue_7t       0x02032408        0x0 c:/devkitPro2007/libnds/lib\libfat.a(io_scsd_s.o)
 .glue_7t       0x02032408        0x0 c:/devkitPro2007/libnds/lib\libfat.a(cache.o)
 .glue_7t       0x02032408        0x0 c:/devkitPro2007/libnds/lib\libfat.a(fatdir.o)
 .glue_7t       0x02032408        0x0 c:/devkitPro2007/libnds/lib\libfat.a(fatfile.o)
 .glue_7t       0x02032408        0x0 c:/devkitPro2007/libnds/lib\libfat.a(file_allocation_table.o)
 .glue_7t       0x02032408        0x0 c:/devkitPro2007/libnds/lib\libfat.a(filetime.o)
 .glue_7t       0x02032408        0x0 c:/devkitPro2007/libnds/lib\libfat.a(io_cf_common.o)
 .glue_7t       0x02032408        0x0 c:/devkitPro2007/libnds/lib\libfat.a(io_m3_common.o)
 .glue_7t       0x02032408        0x0 c:/devkitPro2007/libnds/lib\libfat.a(io_sc_common.o)
 .glue_7t       0x02032408        0x0 c:/devkitPro2007/libnds/lib\libfat.a(directory.o)
 .glue_7t       0x02032408        0x0 c:/devkitPro2007/libnds/lib\libnds9.a(console.o)
 .glue_7t       0x02032408        0x0 c:/devkitPro2007/libnds/lib\libnds9.a(keys.o)
 .glue_7t       0x02032408        0x0 c:/devkitPro2007/libnds/lib\libnds9.a(video.o)
 .glue_7t       0x02032408        0x0 c:/devkitPro2007/libnds/lib\libnds9.a(card.o)
 .glue_7t       0x02032408        0x0 c:/devkitPro2007/libnds/lib\libnds9.a(interrupts.o)
 .glue_7t       0x02032408        0x0 c:/devkitPro2007/libnds/lib\libnds9.a(exceptionHandler.o)
 .glue_7t       0x02032408        0x0 c:/devkitPro2007/libnds/lib\libnds9.a(biosCalls.o)
 .glue_7t       0x02032408        0x0 c:/devkitPro2007/libnds/lib\libnds9.a(interruptDispatcher.o)
 .glue_7t       0x02032408        0x0 c:/devkitPro2007/libnds/lib\libnds9.a(default_font.o)
 .glue_7t       0x02032408        0x0 c:/devkitpro2007/devkitarm/bin/../lib/gcc/arm-eabi/4.1.1\libgcc.a(_udivsi3.o)
 .glue_7t       0x02032408        0x0 c:/devkitpro2007/devkitarm/bin/../lib/gcc/arm-eabi/4.1.1\libgcc.a(_divsi3.o)
 .glue_7t       0x02032408        0x0 c:/devkitpro2007/devkitarm/bin/../lib/gcc/arm-eabi/4.1.1\libgcc.a(_dvmd_tls.o)
 .glue_7t       0x02032408        0x0 c:/devkitpro2007/devkitarm/bin/../lib/gcc/arm-eabi/4.1.1\libgcc.a(_call_via_rX.o)
 .glue_7t       0x02032408        0x0 c:/devkitpro2007/devkitarm/bin/../lib/gcc/arm-eabi/4.1.1\libgcc.a(_addsubdf3.o)
 .glue_7t       0x02032408        0x0 c:/devkitpro2007/devkitarm/bin/../lib/gcc/arm-eabi/4.1.1\libgcc.a(_truncdfsf2.o)
 .glue_7t       0x02032408        0x0 c:/devkitpro2007/devkitarm/bin/../lib/gcc/arm-eabi/4.1.1/../../../../arm-eabi/lib\libc.a(lib_a-atof.o)
 .glue_7t       0x02032408        0x0 c:/devkitpro2007/devkitarm/bin/../lib/gcc/arm-eabi/4.1.1/../../../../arm-eabi/lib\libc.a(lib_a-ctype_.o)
 .glue_7t       0x02032408        0x0 c:/devkitpro2007/devkitarm/bin/../lib/gcc/arm-eabi/4.1.1/../../../../arm-eabi/lib\libc.a(lib_a-fclose.o)
 .glue_7t       0x02032408        0x0 c:/devkitpro2007/devkitarm/bin/../lib/gcc/arm-eabi/4.1.1/../../../../arm-eabi/lib\libc.a(lib_a-fflush.o)
 .glue_7t       0x02032408        0x0 c:/devkitpro2007/devkitarm/bin/../lib/gcc/arm-eabi/4.1.1/../../../../arm-eabi/lib\libc.a(lib_a-findfp.o)
 .glue_7t       0x02032408        0x0 c:/devkitpro2007/devkitarm/bin/../lib/gcc/arm-eabi/4.1.1/../../../../arm-eabi/lib\libc.a(lib_a-fopen.o)
 .glue_7t       0x02032408        0x0 c:/devkitpro2007/devkitarm/bin/../lib/gcc/arm-eabi/4.1.1/../../../../arm-eabi/lib\libc.a(lib_a-fputc.o)
 .glue_7t       0x02032408        0x0 c:/devkitpro2007/devkitarm/bin/../lib/gcc/arm-eabi/4.1.1/../../../../arm-eabi/lib\libc.a(lib_a-fputs.o)
 .glue_7t       0x02032408        0x0 c:/devkitpro2007/devkitarm/bin/../lib/gcc/arm-eabi/4.1.1/../../../../arm-eabi/lib\libc.a(lib_a-fread.o)
 .glue_7t       0x02032408        0x0 c:/devkitpro2007/devkitarm/bin/../lib/gcc/arm-eabi/4.1.1/../../../../arm-eabi/lib\libc.a(lib_a-freer.o)
 .glue_7t       0x02032408        0x0 c:/devkitpro2007/devkitarm/bin/../lib/gcc/arm-eabi/4.1.1/../../../../arm-eabi/lib\libc.a(lib_a-fseek.o)
 .glue_7t       0x02032408        0x0 c:/devkitpro2007/devkitarm/bin/../lib/gcc/arm-eabi/4.1.1/../../../../arm-eabi/lib\libc.a(lib_a-fstatr.o)
 .glue_7t       0x02032408        0x0 c:/devkitpro2007/devkitarm/bin/../lib/gcc/arm-eabi/4.1.1/../../../../arm-eabi/lib\libc.a(lib_a-ftell.o)
 .glue_7t       0x02032408        0x0 c:/devkitpro2007/devkitarm/bin/../lib/gcc/arm-eabi/4.1.1/../../../../arm-eabi/lib\libc.a(lib_a-fvwrite.o)
 .glue_7t       0x02032408        0x0 c:/devkitpro2007/devkitarm/bin/../lib/gcc/arm-eabi/4.1.1/../../../../arm-eabi/lib\libc.a(lib_a-fwalk.o)
 .glue_7t       0x02032408        0x0 c:/devkitpro2007/devkitarm/bin/../lib/gcc/arm-eabi/4.1.1/../../../../arm-eabi/lib\libc.a(lib_a-fwrite.o)
 .glue_7t       0x02032408        0x0 c:/devkitpro2007/devkitarm/bin/../lib/gcc/arm-eabi/4.1.1/../../../../arm-eabi/lib\libc.a(lib_a-impure.o)
 .glue_7t       0x02032408        0x0 c:/devkitpro2007/devkitarm/bin/../lib/gcc/arm-eabi/4.1.1/../../../../arm-eabi/lib\libc.a(lib_a-init.o)
 .glue_7t       0x02032408        0x0 c:/devkitpro2007/devkitarm/bin/../lib/gcc/arm-eabi/4.1.1/../../../../arm-eabi/lib\libc.a(lib_a-iprintf.o)
 .glue_7t       0x02032408        0x0 c:/devkitpro2007/devkitarm/bin/../lib/gcc/arm-eabi/4.1.1/../../../../arm-eabi/lib\libc.a(lib_a-makebuf.o)
 .glue_7t       0x02032408        0x0 c:/devkitpro2007/devkitarm/bin/../lib/gcc/arm-eabi/4.1.1/../../../../arm-eabi/lib\libc.a(lib_a-malloc.o)
 .glue_7t       0x02032408        0x0 c:/devkitpro2007/devkitarm/bin/../lib/gcc/arm-eabi/4.1.1/../../../../arm-eabi/lib\libc.a(lib_a-mallocr.o)
 .glue_7t       0x02032408        0x0 c:/devkitpro2007/devkitarm/bin/../lib/gcc/arm-eabi/4.1.1/../../../../arm-eabi/lib\libc.a(lib_a-memchr.o)
 .glue_7t       0x02032408        0x0 c:/devkitpro2007/devkitarm/bin/../lib/gcc/arm-eabi/4.1.1/../../../../arm-eabi/lib\libc.a(lib_a-memcpy.o)
 .glue_7t       0x02032408        0x0 c:/devkitpro2007/devkitarm/bin/../lib/gcc/arm-eabi/4.1.1/../../../../arm-eabi/lib\libc.a(lib_a-memmove.o)
 .glue_7t       0x02032408        0x0 c:/devkitpro2007/devkitarm/bin/../lib/gcc/arm-eabi/4.1.1/../../../../arm-eabi/lib\libc.a(lib_a-memset.o)
 .glue_7t       0x02032408        0x0 c:/devkitpro2007/devkitarm/bin/../lib/gcc/arm-eabi/4.1.1/../../../../arm-eabi/lib\libc.a(lib_a-mlock.o)
 .glue_7t       0x02032408        0x0 c:/devkitpro2007/devkitarm/bin/../lib/gcc/arm-eabi/4.1.1/../../../../arm-eabi/lib\libc.a(lib_a-openr.o)
 .glue_7t       0x02032408        0x0 c:/devkitpro2007/devkitarm/bin/../lib/gcc/arm-eabi/4.1.1/../../../../arm-eabi/lib\libc.a(lib_a-putc.o)
 .glue_7t       0x02032408        0x0 c:/devkitpro2007/devkitarm/bin/../lib/gcc/arm-eabi/4.1.1/../../../../arm-eabi/lib\libc.a(lib_a-qsort.o)
 .glue_7t       0x02032408        0x0 c:/devkitpro2007/devkitarm/bin/../lib/gcc/arm-eabi/4.1.1/../../../../arm-eabi/lib\libc.a(lib_a-reallocr.o)
 .glue_7t       0x02032408        0x0 c:/devkitpro2007/devkitarm/bin/../lib/gcc/arm-eabi/4.1.1/../../../../arm-eabi/lib\libc.a(lib_a-reent.o)
 .glue_7t       0x02032408        0x0 c:/devkitpro2007/devkitarm/bin/../lib/gcc/arm-eabi/4.1.1/../../../../arm-eabi/lib\libc.a(lib_a-refill.o)
 .glue_7t       0x02032408        0x0 c:/devkitpro2007/devkitarm/bin/../lib/gcc/arm-eabi/4.1.1/../../../../arm-eabi/lib\libc.a(lib_a-sbrkr.o)
 .glue_7t       0x02032408        0x0 c:/devkitpro2007/devkitarm/bin/../lib/gcc/arm-eabi/4.1.1/../../../../arm-eabi/lib\libc.a(lib_a-setvbuf.o)